Component: ARM Compiler 5.05 (build 41) Tool: armlink [4d0eb9]

==============================================================================

Section Cross References

    bloque.o(.text) refers to glcd.o(.text) for glcd_setpixel
    bloque.o(.text) refers to bloque.o(.constdata) for definicion_bloque
    menu.o(.text) refers to glcd.o(.text) for glcd_clear
    menu.o(.text) refers to timer1.o(.text) for leer_pulsacion
    menu.o(.text) refers to bloque.o(.text) for bloque_pintar
    menu.o(.text) refers to menu.o(.data) for rotulo
    timer1.o(.text) refers to joystick.o(.text) for leer_joystick
    timer1.o(.text) refers to timer1.o(.data) for pulsacion_anterior
    glcd.o(.text) refers to sdram.o(.text) for sdram_init
    glcd.o(.text) refers to aeabi_memset.o(.text) for __aeabi_memset
    glcd.o(.text) refers to font8x16.o(.constdata) for font8x16
    diskio.o(.text) refers to sd_lpc4088_mci.o(.text) for sd_init
    ff.o(.text) refers to diskio.o(.text) for disk_write
    ff.o(.text) refers to soporte_nombres_largos.o(.text) for ff_wtoupper
    ff.o(.text) refers to ff.o(.constdata) for LfnOfs
    ff.o(.text) refers to ff.o(.data) for FatFs
    ff.o(.text) refers to ff.o(.bss) for LfnBuf
    ff.o(.text) refers to sd_lpc4088_mci.o(.text) for get_fattime
    sd_lpc4088_mci.o(.text) refers to sd_lpc4088_mci.o(.data) for sdhc_flag
    sd_lpc4088_mci.o(.text) refers to rtc.o(.text) for rtc_leer_hora
    sdram.o(.text) refers to sdram.o(.data) for ringosccount
    soporte_nombres_largos.o(.text) refers to soporte_nombres_largos.o(.constdata) for Tbl
    main.o(.text) refers to _printf_percent.o(.ARM.Collect$$_printf_percent$$00000000) for _printf_percent
    main.o(.text) refers to _printf_d.o(.ARM.Collect$$_printf_percent$$00000009) for _printf_d
    main.o(.text) refers to _printf_dec.o(.text) for _printf_int_dec
    main.o(.text) refers to _printf_s.o(.ARM.Collect$$_printf_percent$$00000014) for _printf_s
    main.o(.text) refers to _printf_str.o(.text) for _printf_str
    main.o(.text) refers to audio_uda1380.o(.text) for Audio_Initialize
    main.o(.text) refers to ff.o(.text) for f_opendir
    main.o(.text) refers to menu.o(.text) for mostrar_pantalla
    main.o(.text) refers to noretval__2snprintf.o(.text) for __2snprintf
    main.o(.text) refers to main.o(.bss) for nextdata
    main.o(.text) refers to main.o(.data) for SAMP_NUM
    main.o(.text) refers to glcd.o(.text) for glcd_init
    main.o(.text) refers to timer1.o(.text) for timer1_inicializar
    main.o(.text) refers to noretval__2sprintf.o(.text) for __2sprintf
    audio_uda1380.o(.text) refers to audio_uda1380.o(.bss) for Stream
    audio_uda1380.o(.text) refers to audio_uda1380.o(.data) for SignalTxUnderflow
    audio_uda1380.o(.text) refers to i2c_lpc40xx.o(.constdata) for Driver_I2C0
    audio_uda1380.o(.text) refers to i2s_lpc40xx.o(.constdata) for Driver_SAI0
    rtx_conf_cm.o(.emb_text) refers to rt_cmsis.o(i.osKernelInitialize) for osKernelInitialize
    rtx_conf_cm.o(.emb_text) refers to rt_cmsis.o(i.osThreadCreate) for osThreadCreate
    rtx_conf_cm.o(.emb_text) refers to rt_cmsis.o(i.osKernelStart) for osKernelStart
    rtx_conf_cm.o(.emb_text) refers to exit.o(.text) for exit
    rtx_conf_cm.o(.emb_text) refers to rtx_conf_cm.o(.data) for os_thread_def_main
    rtx_conf_cm.o(.text) refers to rt_task.o(i.rt_tsk_self) for rt_tsk_self
    rtx_conf_cm.o(.text) refers to rt_mutex.o(i.rt_mut_init) for rt_mut_init
    rtx_conf_cm.o(.text) refers to rt_cmsis.o(.data) for os_running
    rtx_conf_cm.o(.text) refers to rtx_conf_cm.o(.bss) for .bss
    rtx_conf_cm.o(.text) refers to libspace.o(.bss) for __libspace_start
    rtx_conf_cm.o(.text) refers to rtx_conf_cm.o(.data) for .data
    rtx_conf_cm.o(.text) refers to rt_mutex.o(i.rt_mut_wait) for rt_mut_wait
    rtx_conf_cm.o(.text) refers to rt_mutex.o(i.rt_mut_release) for rt_mut_release
    rtx_conf_cm.o(.constdata) refers to rt_cmsis.o(i.osTimerThread) for osTimerThread
    rtx_conf_cm.o(.constdata) refers to rtx_conf_cm.o(.bss) for os_messageQ_q_osTimerMessageQ
    rtx_conf_cm.o(.data) refers to main.o(.text) for main
    i2c_lpc40xx.o(.text) refers to pin_lpc40xx.o(.text) for PIN_Configure
    i2c_lpc40xx.o(.text) refers to rt_memclr_w.o(.text) for __aeabi_memclr4
    i2c_lpc40xx.o(.text) refers to i2c_lpc40xx.o(.constdata) for DriverVersion
    i2c_lpc40xx.o(.text) refers to system_lpc407x_8x_177x_8x.o(.data) for PeripheralClock
    i2c_lpc40xx.o(.constdata) refers to i2c_lpc40xx.o(.bss) for I2C0_Ctrl
    i2c_lpc40xx.o(.constdata) refers to i2c_lpc40xx.o(.text) for I2C_GetVersion
    i2s_lpc40xx.o(.text) refers to rt_memcpy_w.o(.text) for __aeabi_memcpy4
    i2s_lpc40xx.o(.text) refers to dmul.o(x$fpl$dmul) for __aeabi_dmul
    i2s_lpc40xx.o(.text) refers to floor.o(i.__hardfp_floor) for __hardfp_floor
    i2s_lpc40xx.o(.text) refers to deqf.o(x$fpl$deqf) for __aeabi_cdcmpeq
[...]
    i.rt_ret_val2                            0x00009938   Section        0  hal_cm.o(i.rt_ret_val2)
    i.rt_rmv_dly                             0x00009948   Section        0  rt_list.o(i.rt_rmv_dly)
    i.rt_rmv_list                            0x00009970   Section        0  rt_list.o(i.rt_rmv_list)
    i.rt_sem_psh                             0x000099a0   Section        0  rt_semaphore.o(i.rt_sem_psh)
    i.rt_stk_check                           0x000099d4   Section        0  rt_system.o(i.rt_stk_check)
    i.rt_switch_req                          0x000099f8   Section        0  rt_task.o(i.rt_switch_req)
    i.rt_sys_init                            0x00009a20   Section        0  rt_task.o(i.rt_sys_init)
    i.rt_sys_start                           0x00009aec   Section        0  rt_task.o(i.rt_sys_start)
    i.rt_systick                             0x00009b64   Section        0  rt_system.o(i.rt_systick)
    i.rt_tid2ptcb                            0x00009ba4   Section        0  rt_cmsis.o(i.rt_tid2ptcb)
    rt_tid2ptcb                              0x00009ba5   Thumb Code    18  rt_cmsis.o(i.rt_tid2ptcb)
    i.rt_timer_insert                        0x00009bb8   Section        0  rt_cmsis.o(i.rt_timer_insert)
    rt_timer_insert                          0x00009bb9   Thumb Code    48  rt_cmsis.o(i.rt_timer_insert)
    i.rt_tsk_create                          0x00009bec   Section        0  rt_task.o(i.rt_tsk_create)
    i.rt_tsk_delete                          0x00009c74   Section        0  rt_task.o(i.rt_tsk_delete)
    i.rt_tsk_prio                            0x00009df0   Section        0  rt_task.o(i.rt_tsk_prio)
    i.rt_tsk_self                            0x00009e6c   Section        0  rt_task.o(i.rt_tsk_self)
    i.svcKernelInitialize                    0x00009e7c   Section        0  rt_cmsis.o(i.svcKernelInitialize)
    i.svcKernelStart                         0x00009eec   Section        0  rt_cmsis.o(i.svcKernelStart)
    i.svcMessageCreate                       0x00009f34   Section        0  rt_cmsis.o(i.svcMessageCreate)
    i.svcMessageGet                          0x00009f58   Section        0  rt_cmsis.o(i.svcMessageGet)
    i.svcThreadCreate                        0x00009f94   Section        0  rt_cmsis.o(i.svcThreadCreate)
    i.svcThreadGetId                         0x0000a004   Section        0  rt_cmsis.o(i.svcThreadGetId)
    i.svcThreadTerminate                     0x0000a020   Section        0  rt_cmsis.o(i.svcThreadTerminate)
    i.svcTimerCall                           0x0000a058   Section        0  rt_cmsis.o(i.svcTimerCall)
    i.sysTimerTick                           0x0000a070   Section        0  rt_cmsis.o(i.sysTimerTick)
    x$fpl$dadd                               0x0000a0cc   Section      336  daddsub_clz.o(x$fpl$dadd)
    $v0                                      0x0000a0cc   Number         0  daddsub_clz.o(x$fpl$dadd)
    _dadd1                                   0x0000a0dd   Thumb Code     0  daddsub_clz.o(x$fpl$dadd)
    x$fpl$dcmpinf                            0x0000a21c   Section       24  dcmpi.o(x$fpl$dcmpinf)
    $v0                                      0x0000a21c   Number         0  dcmpi.o(x$fpl$dcmpinf)
    x$fpl$ddiv                               0x0000a234   Section      688  ddiv.o(x$fpl$ddiv)
    $v0                                      0x0000a234   Number         0  ddiv.o(x$fpl$ddiv)
    ddiv_entry                               0x0000a23b   Thumb Code     0  ddiv.o(x$fpl$ddiv)
    x$fpl$deqf                               0x0000a4e4   Section      120  deqf.o(x$fpl$deqf)
    $v0                                      0x0000a4e4   Number         0  deqf.o(x$fpl$deqf)
    x$fpl$dfltu                              0x0000a55c   Section       38  dflt_clz.o(x$fpl$dfltu)
    $v0                                      0x0000a55c   Number         0  dflt_clz.o(x$fpl$dfltu)
    x$fpl$dleqf                              0x0000a584   Section      120  dleqf.o(x$fpl$dleqf)
    $v0                                      0x0000a584   Number         0  dleqf.o(x$fpl$dleqf)
    x$fpl$dmul                               0x0000a5fc   Section      340  dmul.o(x$fpl$dmul)
    $v0                                      0x0000a5fc   Number         0  dmul.o(x$fpl$dmul)
    x$fpl$dnaninf                            0x0000a750   Section      156  dnaninf.o(x$fpl$dnaninf)
    $v0                                      0x0000a750   Number         0  dnaninf.o(x$fpl$dnaninf)
    x$fpl$dretinf                            0x0000a7ec   Section       12  dretinf.o(x$fpl$dretinf)
    $v0                                      0x0000a7ec   Number         0  dretinf.o(x$fpl$dretinf)
    x$fpl$drleqf                             0x0000a7f8   Section      108  drleqf.o(x$fpl$drleqf)
    $v0                                      0x0000a7f8   Number         0  drleqf.o(x$fpl$drleqf)
    x$fpl$drsb                               0x0000a864   Section       22  daddsub_clz.o(x$fpl$drsb)
    $v0                                      0x0000a864   Number         0  daddsub_clz.o(x$fpl$drsb)
    x$fpl$dsub                               0x0000a87c   Section      468  daddsub_clz.o(x$fpl$dsub)
    $v0                                      0x0000a87c   Number         0  daddsub_clz.o(x$fpl$dsub)
    _dsub1                                   0x0000a88d   Thumb Code     0  daddsub_clz.o(x$fpl$dsub)
    x$fpl$fpinit                             0x0000aa50   Section       10  fpinit.o(x$fpl$fpinit)
    $v0                                      0x0000aa50   Number         0  fpinit.o(x$fpl$fpinit)
    x$fpl$llsfromd                           0x0000aa5c   Section      194  dfixll.o(x$fpl$llsfromd)
    $v0                                      0x0000aa5c   Number         0  dfixll.o(x$fpl$llsfromd)
    .constdata                               0x0000ab1e   Section      450  bloque.o(.constdata)
    x$fpl$usenofp                            0x0000ab1e   Section        0  usenofp.o(x$fpl$usenofp)
    definicion_bloque                        0x0000ab1e   Data         450  bloque.o(.constdata)
    .constdata                               0x0000ace0   Section      141  ff.o(.constdata)
    ExCvt                                    0x0000ace0   Data         128  ff.o(.constdata)
    LfnOfs                                   0x0000ad60   Data          13  ff.o(.constdata)
    .constdata                               0x0000ad6e   Section     1216  soporte_nombres_largos.o(.constdata)
    Tbl                                      0x0000ad6e   Data         256  soporte_nombres_largos.o(.constdata)
    tbl_lower                                0x0000ae6e   Data         480  soporte_nombres_largos.o(.constdata)
    tbl_upper                                0x0000b04e   Data         480  soporte_nombres_largos.o(.constdata)
    .constdata                               0x0000b22e   Section     1520  font8x16.o(.constdata)
    .constdata                               0x0000b820   Section       86  rtx_conf_cm.o(.constdata)
    __tagsym$$used                           0x0000b83c   Number         0  rtx_conf_cm.o(.constdata)
    __tagsym$$used                           0x0000b840   Number         0  rtx_conf_cm.o(.constdata)
    __tagsym$$used                           0x0000b844   Number         0  rtx_conf_cm.o(.constdata)
    __tagsym$$used                           0x0000b848   Number         0  rtx_conf_cm.o(.constdata)
    .constdata                               0x0000b878   Section       76  i2c_lpc40xx.o(.constdata)
    DriverVersion                            0x0000b878   Data           4  i2c_lpc40xx.o(.constdata)
    DriverCapabilities                       0x0000b87c   Data           4  i2c_lpc40xx.o(.constdata)
    I2C0_Resources                           0x0000b880   Data          20  i2c_lpc40xx.o(.constdata)
    .constdata                               0x0000b8c8   Section      208  i2s_lpc40xx.o(.constdata)
    DriverVersion                            0x0000b8c8   Data           4  i2s_lpc40xx.o(.constdata)
    I2S0_DMA_Tx                              0x0000b8cc   Data           8  i2s_lpc40xx.o(.constdata)
    I2S0_DMA_Rx                              0x0000b8d4   Data           8  i2s_lpc40xx.o(.constdata)
    SAI_Capabilities                         0x0000b8dc   Data           4  i2s_lpc40xx.o(.constdata)
    I2S0_Resources                           0x0000b8e0   Data          88  i2s_lpc40xx.o(.constdata)
    .data                                    0x10000000   Section      220  menu.o(.data)
    rotulo                                   0x10000000   Data         220  menu.o(.data)
    .data                                    0x100000dc   Section       12  timer1.o(.data)
    pulsacion_anterior                       0x100000e4   Data           4  timer1.o(.data)
    .data                                    0x100000e8   Section        6  ff.o(.data)
    FatFs                                    0x100000e8   Data           4  ff.o(.data)
    Fsid                                     0x100000ec   Data           2  ff.o(.data)
    .data                                    0x100000f0   Section       16  sd_lpc4088_mci.o(.data)
    Stat                                     0x100000f0   Data           1  sd_lpc4088_mci.o(.data)
    sdhc_flag                                0x100000f8   Data           4  sd_lpc4088_mci.o(.data)
    direcciones_de_bloque                    0x100000fc   Data           4  sd_lpc4088_mci.o(.data)
    .data                                    0x10000100   Section        8  sdram.o(.data)
    ringosccount                             0x10000100   Data           8  sdram.o(.data)
    .data                                    0x10000108   Section        4  main.o(.data)
    SAMP_NUM                                 0x10000108   Data           4  main.o(.data)
    .data                                    0x1000010c   Section        7  audio_uda1380.o(.data)
    DeviceAddr                               0x10000110   Data           1  audio_uda1380.o(.data)
    SignalSendComplete                       0x10000111   Data           1  audio_uda1380.o(.data)
    SignalTxUnderflow                        0x10000112   Data           1  audio_uda1380.o(.data)
    .data                                    0x10000114   Section       36  rtx_conf_cm.o(.data)
    nr_mutex                                 0x10000124   Data           4  rtx_conf_cm.o(.data)
    .data                                    0x10000138   Section       14  i2s_lpc40xx.o(.data)
    I2S0_pin_rx_sck                          0x10000138   Data           2  i2s_lpc40xx.o(.data)
    I2S0_pin_rx_ws                           0x1000013a   Data           2  i2s_lpc40xx.o(.data)
    I2S0_pin_rx_sda                          0x1000013c   Data           2  i2s_lpc40xx.o(.data)
    I2S0_pin_tx_sck                          0x1000013e   Data           2  i2s_lpc40xx.o(.data)
    I2S0_pin_tx_ws                           0x10000140   Data           2  i2s_lpc40xx.o(.data)
    I2S0_pin_tx_sda                          0x10000142   Data           2  i2s_lpc40xx.o(.data)
    I2S0_pin_tx_mclk                         0x10000144   Data           2  i2s_lpc40xx.o(.data)
    .data                                    0x10000148   Section       16  system_lpc407x_8x_177x_8x.o(.data)
    .data                                    0x10000158   Section        8  gpdma_lpc40xx.o(.data)
    Channel_active                           0x10000158   Data           4  gpdma_lpc40xx.o(.data)
    Init_cnt                                 0x1000015c   Data           4  gpdma_lpc40xx.o(.data)
    .data                                    0x10000160   Section        8  rt_cmsis.o(.data)
    .data                                    0x10000168   Section        8  rt_task.o(.data)
    .data                                    0x10000170   Section        8  rt_system.o(.data)
    os_lock                                  0x10000170   Data           1  rt_system.o(.data)
    os_psh_flag                              0x10000171   Data           1  rt_system.o(.data)
    pend_flags                               0x10000172   Data           1  rt_system.o(.data)
    .data                                    0x10000178   Section        4  rt_time.o(.data)
    .data                                    0x1000017c   Section        8  rt_robin.o(.data)
    .data                                    0x10000184   Section        1  hal_cm.o(.data)
    .bss                                     0x10000188   Section      512  ff.o(.bss)
    LfnBuf                                   0x10000188   Data         512  ff.o(.bss)
    .bss                                     0x10000388   Section    51844  main.o(.bss)
    nextdata                                 0x100009bc   Data       50000  main.o(.bss)
    lfn                                      0x1000cd0c   Data         256  main.o(.bss)
    .bss                                     0x1000ce0c   Section       40  audio_uda1380.o(.bss)
    Stream                                   0x1000ce0c   Data          40  audio_uda1380.o(.bss)
    .bss                                     0x1000ce38   Section     3016  rtx_conf_cm.o(.bss)
    std_libspace                             0x1000d6e0   Data         672  rtx_conf_cm.o(.bss)
    std_libmutex                             0x1000d980   Data         128  rtx_conf_cm.o(.bss)
    .bss                                     0x1000da00   Section       36  i2c_lpc40xx.o(.bss)
    I2C0_Ctrl                                0x1000da00   Data          36  i2c_lpc40xx.o(.bss)
    .bss                                     0x1000da24   Section       56  i2s_lpc40xx.o(.bss)
    I2S0_Info                                0x1000da24   Data          56  i2s_lpc40xx.o(.bss)
    .bss                                     0x1000da5c   Section      160  gpdma_lpc40xx.o(.bss)
    Channel_info                             0x1000da5c   Data         160  gpdma_lpc40xx.o(.bss)
    .bss                                     0x1000dafc   Section       52  rt_task.o(.bss)
    .bss                                     0x1000db30   Section       48  rt_list.o(.bss)
    .bss                                     0x1000db60   Section       96  libspace.o(.bss)
    HEAP                                     0x1000dbc0   Section        0  startup_lpc407x_8x_177x_8x.o(HEAP)
    STACK                                    0x1000dbc0   Section     1024  startup_lpc407x_8x_177x_8x.o(STACK)
    Heap_Mem                                 0x1000dbc0   Data           0  startup_lpc407x_8x_177x_8x.o(HEAP)
    Stack_Mem                                0x1000dbc0   Data        1024  startup_lpc407x_8x_177x_8x.o(STACK)
    __initial_sp                             0x1000dfc0   Data           0  startup_lpc407x_8x_177x_8x.o(STACK)

    Global Symbols

    Symbol Name                              Value     Ov Type        Size  Object(Section)

    BuildAttributes$$THM_ISAv4$E$P$D$K$B$S$7EM$VFPi3$EXTD16$VFPS$VFMA$PE$A:L22UL41UL21$X:L11$S22US41US21$IEEE1$IW$USESV6$~STKCKD$USESV7$~SHL$OTIME$ROPI$IEEEJ$EBA8$UX$STANDARDLIB$REQ8$PRES8$EABIv2 0x00000000   Number         0  anon$$obj.o ABSOLUTE
    __ARM_use_no_argv                        0x00000000   Number         0  main.o ABSOLUTE
    __Vectors                                0x00000000   Data           4  startup_lpc407x_8x_177x_8x.o(RESET)
    __ARM_exceptions_init                     - Undefined Weak Reference
    __alloca_initialize                       - Undefined Weak Reference
    __arm_preinit_                            - Undefined Weak Reference
    __cpp_initialize__aeabi_                  - Undefined Weak Reference
    __cxa_finalize                            - Undefined Weak Reference
    __rt_locale                               - Undefined Weak Reference
    __sigvec_lookup                           - Undefined Weak Reference
    _atexit_init                              - Undefined Weak Reference
    _call_atexit_fns                          - Undefined Weak Reference
    _clock_init                               - Undefined Weak Reference
    _fp_trap_init                             - Undefined Weak Reference
    _fp_trap_shutdown                         - Undefined Weak Reference
    _get_lc_collate                           - Undefined Weak Reference
    _get_lc_ctype                             - Undefined Weak Reference
    _get_lc_monetary                          - Undefined Weak Reference
    _get_lc_numeric                           - Undefined Weak Reference
    _get_lc_time                              - Undefined Weak Reference
    _getenv_init                              - Undefined Weak Reference
    _handle_redirection                       - Undefined Weak Reference
    _init_alloc                               - Undefined Weak Reference
    _init_user_alloc                          - Undefined Weak Reference
    _initio                                   - Undefined Weak Reference
    _printf_mbtowc                            - Undefined Weak Reference
    _printf_post_padding                      - Undefined Weak Reference
    _printf_pre_padding                       - Undefined Weak Reference
    _printf_truncate_signed                   - Undefined Weak Reference
    _printf_truncate_unsigned                 - Undefined Weak Reference
    _rand_init                                - Undefined Weak Reference
    _signal_finish                            - Undefined Weak Reference
    _signal_init                              - Undefined Weak Reference
    _terminate_alloc                          - Undefined Weak Reference
    _terminate_user_alloc                     - Undefined Weak Reference
    _terminateio                              - Undefined Weak Reference
    __main                                   0x000000e5   Thumb Code     8  __main.o(!!!main)
    __scatterload                            0x000000ed   Thumb Code     0  __scatter.o(!!!scatter)
    __scatterload_rt2                        0x000000ed   Thumb Code    44  __scatter.o(!!!scatter)
    __scatterload_rt2_thumb_only             0x000000ed   Thumb Code     0  __scatter.o(!!!scatter)
    __scatterload_null                       0x000000fb   Thumb Code     0  __scatter.o(!!!scatter)
    __decompress                             0x00000121   Thumb Code    90  __dczerorl2.o(!!dczerorl2)
    __decompress1                            0x00000121   Thumb Code     0  __dczerorl2.o(!!dczerorl2)
    __scatterload_zeroinit                   0x0000017d   Thumb Code    28  __scatter_zi.o(!!handler_zi)
    _printf_d                                0x00000199   Thumb Code     0  _printf_d.o(.ARM.Collect$$_printf_percent$$00000009)
    _printf_percent                          0x00000199   Thumb Code     0  _printf_percent.o(.ARM.Collect$$_printf_percent$$00000000)
    _printf_s                                0x0000019f   Thumb Code     0  _printf_s.o(.ARM.Collect$$_printf_percent$$00000014)
    _printf_percent_end                      0x000001a5   Thumb Code     0  _printf_percent_end.o(.ARM.Collect$$_printf_percent$$00000017)
    __rt_lib_init                            0x000001a9   Thumb Code     0  libinit.o(.ARM.Collect$$libinit$$00000000)
    __rt_lib_init_fp_1                       0x000001ab   Thumb Code     0  libinit2.o(.ARM.Collect$$libinit$$00000001)
    __rt_lib_init_alloca_1                   0x000001af   Thumb Code     0  libinit2.o(.ARM.Collect$$libinit$$0000002E)
    __rt_lib_init_argv_1                     0x000001af   Thumb Code     0  libinit2.o(.ARM.Collect$$libinit$$0000002C)
    __rt_lib_init_atexit_1                   0x000001af   Thumb Code     0  libinit2.o(.ARM.Collect$$libinit$$0000001B)
    __rt_lib_init_clock_1                    0x000001af   Thumb Code     0  libinit2.o(.ARM.Collect$$libinit$$00000021)
    __rt_lib_init_cpp_1                      0x000001af   Thumb Code     0  libinit2.o(.ARM.Collect$$libinit$$00000032)
    __rt_lib_init_exceptions_1               0x000001af   Thumb Code     0  libinit2.o(.ARM.Collect$$libinit$$00000030)
    __rt_lib_init_fp_trap_1                  0x000001af   Thumb Code     0  libinit2.o(.ARM.Collect$$libinit$$0000001F)
    __rt_lib_init_getenv_1                   0x000001af   Thumb Code     0  libinit2.o(.ARM.Collect$$libinit$$00000023)
    __rt_lib_init_heap_1                     0x000001af   Thumb Code     0  libinit2.o(.ARM.Collect$$libinit$$0000000A)
    __rt_lib_init_lc_collate_1               0x000001af   Thumb Code     0  libinit2.o(.ARM.Collect$$libinit$$00000011)
    __rt_lib_init_lc_ctype_1                 0x000001af   Thumb Code     0  libinit2.o(.ARM.Collect$$libinit$$00000013)
    __rt_lib_init_lc_monetary_1              0x000001af   Thumb Code     0  libinit2.o(.ARM.Collect$$libinit$$00000015)
    __rt_lib_init_lc_numeric_1               0x000001af   Thumb Code     0  libinit2.o(.ARM.Collect$$libinit$$00000017)
    __rt_lib_init_lc_time_1                  0x000001af   Thumb Code     0  libinit2.o(.ARM.Collect$$libinit$$00000019)
    __rt_lib_init_preinit_1                  0x000001af   Thumb Code     0  libinit2.o(.ARM.Collect$$libinit$$00000004)
    __rt_lib_init_rand_1                     0x000001af   Thumb Code     0  libinit2.o(.ARM.Collect$$libinit$$0000000E)
    __rt_lib_init_return                     0x000001af   Thumb Code     0  libinit2.o(.ARM.Collect$$libinit$$00000033)
    __rt_lib_init_signal_1                   0x000001af   Thumb Code     0  libinit2.o(.ARM.Collect$$libinit$$0000001D)
    __rt_lib_init_stdio_1                    0x000001af   Thumb Code     0  libinit2.o(.ARM.Collect$$libinit$$00000025)
    __rt_lib_init_user_alloc_1               0x000001af   Thumb Code     0  libinit2.o(.ARM.Collect$$libinit$$0000000C)
    __rt_lib_shutdown                        0x000001b1   Thumb Code     0  libshutdown.o(.ARM.Collect$$libshutdown$$00000000)
    __rt_lib_shutdown_fp_trap_1              0x000001b3   Thumb Code     0  libshutdown2.o(.ARM.Collect$$libshutdown$$00000006)
    __rt_lib_shutdown_heap_1                 0x000001b3   Thumb Code     0  libshutdown2.o(.ARM.Collect$$libshutdown$$0000000E)
    __rt_lib_shutdown_return                 0x000001b3   Thumb Code     0  libshutdown2.o(.ARM.Collect$$libshutdown$$0000000F)
    __rt_lib_shutdown_signal_1               0x000001b3   Thumb Code     0  libshutdown2.o(.ARM.Collect$$libshutdown$$00000009)
    __rt_lib_shutdown_stdio_1                0x000001b3   Thumb Code     0  libshutdown2.o(.ARM.Collect$$libshutdown$$00000003)
    __rt_lib_shutdown_user_alloc_1           0x000001b3   Thumb Code     0  libshutdown2.o(.ARM.Collect$$libshutdown$$0000000B)
    __rt_entry                               0x000001b5   Thumb Code     0  __rtentry.o(.ARM.Collect$$rtentry$$00000000)
    __rt_entry_presh_1                       0x000001b5   Thumb Code     0  __rtentry2.o(.ARM.Collect$$rtentry$$00000002)
    __rt_entry_sh                            0x000001b5   Thumb Code     0  __rtentry4.o(.ARM.Collect$$rtentry$$00000004)
    __rt_entry_li                            0x000001bb   Thumb Code     0  __rtentry2.o(.ARM.Collect$$rtentry$$0000000A)
    __rt_entry_postsh_1                      0x000001bb   Thumb Code     0  __rtentry2.o(.ARM.Collect$$rtentry$$00000009)
    __rt_entry_postli_1                      0x000001bf   Thumb Code     0  __rtentry2.o(.ARM.Collect$$rtentry$$0000000B)
    __rt_entry_main                          0x000001c7   Thumb Code     0  __rtentry2.o(.ARM.Collect$$rtentry$$0000000D)
    __rt_exit                                0x000001cf   Thumb Code     0  rtexit.o(.ARM.Collect$$rtexit$$00000000)
    __rt_exit_ls                             0x000001d1   Thumb Code     0  rtexit2.o(.ARM.Collect$$rtexit$$00000003)
    __rt_exit_prels_1                        0x000001d1   Thumb Code     0  rtexit2.o(.ARM.Collect$$rtexit$$00000002)
    __rt_exit_exit                           0x000001d5   Thumb Code     0  rtexit2.o(.ARM.Collect$$rtexit$$00000004)
    _platform_post_lib_init                  0x000001dd   Thumb Code    24  rtx_conf_cm.o(.emb_text)
    bloque_pintar                            0x000001f9   Thumb Code    66  bloque.o(.text)
    timer1_inicializar                       0x00000241   Thumb Code    54  timer1.o(.text)
    TIMER1_IRQHandler                        0x00000277   Thumb Code    76  timer1.o(.text)
    leer_pulsacion                           0x000002c3   Thumb Code    22  timer1.o(.text)
    __user_libspace                          0x000002e9   Thumb Code     8  libspace.o(.text)
    __user_perproc_libspace                  0x000002e9   Thumb Code     0  libspace.o(.text)
    exit                                     0x000002f1   Thumb Code    12  exit.o(.text)
    rt_set_PSP                               0x00000301   Thumb Code     6  hal_cm4.o(.emb_text)
    rt_get_PSP                               0x00000307   Thumb Code     6  hal_cm4.o(.emb_text)
    os_set_env                               0x0000030d   Thumb Code    24  hal_cm4.o(.emb_text)
    _alloc_box                               0x00000329   Thumb Code    28  hal_cm4.o(.emb_text)
    _free_box                                0x00000349   Thumb Code    28  hal_cm4.o(.emb_text)
    SVC_Handler                              0x00000369   Thumb Code   168  hal_cm4.o(.emb_text)
    PendSV_Handler                           0x00000421   Thumb Code    96  hal_cm4.o(.emb_text)
    __RL_RTX_VER                             0x00000480   Number         0  rt_system.o ABSOLUTE
    SysTick_Handler                          0x00000485   Thumb Code     8  hal_cm4.o(.emb_text)
    OS_Tick_Handler                          0x0000048d   Thumb Code    12  hal_cm4.o(.emb_text)
    menu_inicial                             0x00000499   Thumb Code   236  menu.o(.text)
    mostrar_archivo                          0x00000585   Thumb Code   110  menu.o(.text)
    menu_archivo                             0x000005f3   Thumb Code   236  menu.o(.text)
    menuGrabacion                            0x000006df   Thumb Code   300  menu.o(.text)
    mostrar_pantalla                         0x0000080b   Thumb Code   108  menu.o(.text)
    glcd_init                                0x000009fd   Thumb Code   932  glcd.o(.text)
    glcd_cursor_config                       0x00000da1   Thumb Code     6  glcd.o(.text)
    glcd_cursor_enable                       0x00000da7   Thumb Code    28  glcd.o(.text)
    glcd_cursor_disable                      0x00000dc3   Thumb Code    18  glcd.o(.text)
    glcd_move_cursor                         0x00000dd5   Thumb Code    92  glcd.o(.text)
    glcd_copy_cursor                         0x00000e31   Thumb Code    30  glcd.o(.text)
    glcd_setpixel                            0x00000e4f   Thumb Code    34  glcd.o(.text)
    glcd_clear                               0x00000e71   Thumb Code    20  glcd.o(.text)
    glcd_char                                0x00000e85   Thumb Code   102  glcd.o(.text)
    glcd_text                                0x00000eeb   Thumb Code    78  glcd.o(.text)
    glcd_line                                0x00000f39   Thumb Code   250  glcd.o(.text)
    glcd_rectangle                           0x00001033   Thumb Code    78  glcd.o(.text)
    leer_joystick                            0x00001091   Thumb Code    74  joystick.o(.text)
    disk_initialize                          0x000010e1   Thumb Code    16  diskio.o(.text)
    disk_status                              0x000010f1   Thumb Code    16  diskio.o(.text)
    disk_read                                0x00001101   Thumb Code    34  diskio.o(.text)
    disk_write                               0x00001123   Thumb Code    34  diskio.o(.text)
    disk_ioctl                               0x00001145   Thumb Code    28  diskio.o(.text)
    clust2sect                               0x00001315   Thumb Code    26  ff.o(.text)
    get_fat                                  0x0000132f   Thumb Code   228  ff.o(.text)
    put_fat                                  0x00001413   Thumb Code   310  ff.o(.text)
    gen_numname                              0x00001a25   Thumb Code   168  ff.o(.text)
    f_mount                                  0x00002663   Thumb Code    38  ff.o(.text)
    f_open                                   0x00002689   Thumb Code   374  ff.o(.text)
    f_read                                   0x000027ff   Thumb Code   460  ff.o(.text)
    f_write                                  0x000029cb   Thumb Code   524  ff.o(.text)
    f_sync                                   0x00002bd7   Thumb Code   176  ff.o(.text)
    f_close                                  0x00002c87   Thumb Code    22  ff.o(.text)
    f_lseek                                  0x00002c9d   Thumb Code   430  ff.o(.text)
    f_opendir                                0x00002e4b   Thumb Code   116  ff.o(.text)
    f_readdir                                0x00002ebf   Thumb Code    92  ff.o(.text)
    f_stat                                   0x00002f1b   Thumb Code    62  ff.o(.text)
    f_getfree                                0x00002f59   Thumb Code   260  ff.o(.text)
    f_truncate                               0x0000305d   Thumb Code   154  ff.o(.text)
    f_unlink                                 0x000030f7   Thumb Code   174  ff.o(.text)
    f_mkdir                                  0x000031a5   Thumb Code   360  ff.o(.text)
    f_chmod                                  0x0000330d   Thumb Code    88  ff.o(.text)
    f_utime                                  0x00003365   Thumb Code    90  ff.o(.text)
    f_rename                                 0x000033bf   Thumb Code   280  ff.o(.text)
    f_gets                                   0x000034d7   Thumb Code    78  ff.o(.text)
    f_putc                                   0x00003525   Thumb Code    38  ff.o(.text)
    f_puts                                   0x0000354b   Thumb Code    42  ff.o(.text)
    f_printf                                 0x00003575   Thumb Code   696  ff.o(.text)
    rtc_inicializar                          0x0000382d   Thumb Code     8  rtc.o(.text)
    rtc_leer_hora                            0x00003835   Thumb Code    28  rtc.o(.text)
    rtc_ajustar_hora                         0x00003851   Thumb Code    42  rtc.o(.text)
    rtc_leer_fecha                           0x0000387b   Thumb Code    28  rtc.o(.text)
    rtc_ajustar_fecha                        0x00003897   Thumb Code    40  rtc.o(.text)
    delay                                    0x000038c5   Thumb Code    14  sd_lpc4088_mci.o(.text)
    mci_set_speed                            0x000038d3   Thumb Code    32  sd_lpc4088_mci.o(.text)
    sd_command                               0x000038f3   Thumb Code   158  sd_lpc4088_mci.o(.text)
    sd_init                                  0x00003991   Thumb Code   492  sd_lpc4088_mci.o(.text)
    sd_status                                0x00003b7d   Thumb Code     6  sd_lpc4088_mci.o(.text)
    sd_read                                  0x00003b83   Thumb Code   166  sd_lpc4088_mci.o(.text)
    sd_write                                 0x00003c29   Thumb Code   212  sd_lpc4088_mci.o(.text)
    sd_ioctl                                 0x00003cfd   Thumb Code   150  sd_lpc4088_mci.o(.text)
    get_fattime                              0x00003d93   Thumb Code    66  sd_lpc4088_mci.o(.text)
    adjust_timing                            0x0000437f   Thumb Code    76  sdram.o(.text)
    sdram_init                               0x00004407   Thumb Code   198  sdram.o(.text)
    ff_convert                               0x000044e9   Thumb Code    70  soporte_nombres_largos.o(.text)
    ff_wtoupper                              0x0000452f   Thumb Code    46  soporte_nombres_largos.o(.text)
    AudioInicializar                         0x00004569   Thumb Code    86  main.o(.text)
    AudioGrabar                              0x000045bf   Thumb Code    60  main.o(.text)
    Audio_Cbk                                0x000045fb   Thumb Code     2  main.o(.text)
    guardar_wav                              0x000045fd   Thumb Code   390  main.o(.text)
    AudioStop                                0x00004783   Thumb Code    48  main.o(.text)
    AudioPlay                                0x000047b3   Thumb Code    40  main.o(.text)
    comprobar_cabecera                       0x000047db   Thumb Code   312  main.o(.text)
    reproducir_wav                           0x00004913   Thumb Code   480  main.o(.text)
    main                                     0x00004af3   Thumb Code   478  main.o(.text)
    UDA1380_cb                               0x00004dc5   Thumb Code    94  audio_uda1380.o(.text)
    Audio_Initialize                         0x00004f85   Thumb Code   350  audio_uda1380.o(.text)
    Audio_Uninitialize                       0x000050e3   Thumb Code    90  audio_uda1380.o(.text)
    Audio_SendData                           0x0000513d   Thumb Code    64  audio_uda1380.o(.text)
    Audio_ReceiveData                        0x0000517d   Thumb Code    28  audio_uda1380.o(.text)
    Audio_Start                              0x00005199   Thumb Code   218  audio_uda1380.o(.text)
    Audio_Stop                               0x00005273   Thumb Code    88  audio_uda1380.o(.text)
    Audio_Pause                              0x000052cb   Thumb Code   106  audio_uda1380.o(.text)
    Audio_Resume                             0x00005335   Thumb Code   202  audio_uda1380.o(.text)
    Audio_SetVolume                          0x000053ff   Thumb Code   410  audio_uda1380.o(.text)
    Audio_SetMute                            0x00005599   Thumb Code   296  audio_uda1380.o(.text)
    Audio_SetDataFormat                      0x000056c1   Thumb Code   156  audio_uda1380.o(.text)
    Audio_SetFrequency                       0x0000575d   Thumb Code    30  audio_uda1380.o(.text)
    os_idle_demon                            0x00005781   Thumb Code     4  rtx_conf_cm.o(.text)
    os_error                                 0x00005785   Thumb Code    34  rtx_conf_cm.o(.text)
    __user_perthread_libspace                0x000057a7   Thumb Code    32  rtx_conf_cm.o(.text)
    _mutex_initialize                        0x000057c7   Thumb Code    34  rtx_conf_cm.o(.text)
    _mutex_acquire                           0x000057e9   Thumb Code    22  rtx_conf_cm.o(.text)
    _mutex_release                           0x000057ff   Thumb Code    18  rtx_conf_cm.o(.text)
    I2C0_IRQHandler                          0x000062bd   Thumb Code    10  i2c_lpc40xx.o(.text)
    I2S_IRQHandler                           0x0000768f   Thumb Code   846  i2s_lpc40xx.o(.text)
    I2S_GPDMA_Tx_Event                       0x000079dd   Thumb Code   214  i2s_lpc40xx.o(.text)
    I2S_GPDMA_Rx_Event                       0x00007ab3   Thumb Code   164  i2s_lpc40xx.o(.text)
    Reset_Handler                            0x00007b71   Thumb Code     8  startup_lpc407x_8x_177x_8x.o(.text)
    NMI_Handler                              0x00007b79   Thumb Code     2  startup_lpc407x_8x_177x_8x.o(.text)
    HardFault_Handler                        0x00007b7b   Thumb Code     2  startup_lpc407x_8x_177x_8x.o(.text)
    MemManage_Handler                        0x00007b7d   Thumb Code     2  startup_lpc407x_8x_177x_8x.o(.text)
    BusFault_Handler                         0x00007b7f   Thumb Code     2  startup_lpc407x_8x_177x_8x.o(.text)
    UsageFault_Handler                       0x00007b81   Thumb Code     2  startup_lpc407x_8x_177x_8x.o(.text)
    DebugMon_Handler                         0x00007b85   Thumb Code     2  startup_lpc407x_8x_177x_8x.o(.text)
    ADC_IRQHandler                           0x00007b8b   Thumb Code     0  startup_lpc407x_8x_177x_8x.o(.text)
    BOD_IRQHandler                           0x00007b8b   Thumb Code     0  startup_lpc407x_8x_177x_8x.o(.text)
    CANActivity_IRQHandler                   0x00007b8b   Thumb Code     0  startup_lpc407x_8x_177x_8x.o(.text)
    CAN_IRQHandler                           0x00007b8b   Thumb Code     0  startup_lpc407x_8x_177x_8x.o(.text)
    EEPROM_IRQHandler                        0x00007b8b   Thumb Code     0  startup_lpc407x_8x_177x_8x.o(.text)
    EINT0_IRQHandler                         0x00007b8b   Thumb Code     0  startup_lpc407x_8x_177x_8x.o(.text)
    EINT1_IRQHandler                         0x00007b8b   Thumb Code     0  startup_lpc407x_8x_177x_8x.o(.text)
    EINT2_IRQHandler                         0x00007b8b   Thumb Code     0  startup_lpc407x_8x_177x_8x.o(.text)
    EINT3_IRQHandler                         0x00007b8b   Thumb Code     0  startup_lpc407x_8x_177x_8x.o(.text)
    ENET_IRQHandler                          0x00007b8b   Thumb Code     0  startup_lpc407x_8x_177x_8x.o(.text)
    GPIO_IRQHandler                          0x00007b8b   Thumb Code     0  startup_lpc407x_8x_177x_8x.o(.text)
    I2C1_IRQHandler                          0x00007b8b   Thumb Code     0  startup_lpc407x_8x_177x_8x.o(.text)
    I2C2_IRQHandler                          0x00007b8b   Thumb Code     0  startup_lpc407x_8x_177x_8x.o(.text)
    LCD_IRQHandler                           0x00007b8b   Thumb Code     0  startup_lpc407x_8x_177x_8x.o(.text)
    MCI_IRQHandler                           0x00007b8b   Thumb Code     0  startup_lpc407x_8x_177x_8x.o(.text)
    MCPWM_IRQHandler                         0x00007b8b   Thumb Code     0  startup_lpc407x_8x_177x_8x.o(.text)
    PLL0_IRQHandler                          0x00007b8b   Thumb Code     0  startup_lpc407x_8x_177x_8x.o(.text)
    PLL1_IRQHandler                          0x00007b8b   Thumb Code     0  startup_lpc407x_8x_177x_8x.o(.text)
    PWM0_IRQHandler                          0x00007b8b   Thumb Code     0  startup_lpc407x_8x_177x_8x.o(.text)
    PWM1_IRQHandler                          0x00007b8b   Thumb Code     0  startup_lpc407x_8x_177x_8x.o(.text)
    QEI_IRQHandler                           0x00007b8b   Thumb Code     0  startup_lpc407x_8x_177x_8x.o(.text)
    RTC_IRQHandler                           0x00007b8b   Thumb Code     0  startup_lpc407x_8x_177x_8x.o(.text)
    SSP0_IRQHandler                          0x00007b8b   Thumb Code     0  startup_lpc407x_8x_177x_8x.o(.text)
    SSP1_IRQHandler                          0x00007b8b   Thumb Code     0  startup_lpc407x_8x_177x_8x.o(.text)
    SSP2_IRQHandler                          0x00007b8b   Thumb Code     0  startup_lpc407x_8x_177x_8x.o(.text)
    TIMER0_IRQHandler                        0x00007b8b   Thumb Code     0  startup_lpc407x_8x_177x_8x.o(.text)
    TIMER2_IRQHandler                        0x00007b8b   Thumb Code     0  startup_lpc407x_8x_177x_8x.o(.text)
    TIMER3_IRQHandler                        0x00007b8b   Thumb Code     0  startup_lpc407x_8x_177x_8x.o(.text)
    UART0_IRQHandler                         0x00007b8b   Thumb Code     0  startup_lpc407x_8x_177x_8x.o(.text)
    UART1_IRQHandler                         0x00007b8b   Thumb Code     0  startup_lpc407x_8x_177x_8x.o(.text)
    UART2_IRQHandler                         0x00007b8b   Thumb Code     0  startup_lpc407x_8x_177x_8x.o(.text)
    UART3_IRQHandler                         0x00007b8b   Thumb Code     0  startup_lpc407x_8x_177x_8x.o(.text)
    UART4_IRQHandler                         0x00007b8b   Thumb Code     0  startup_lpc407x_8x_177x_8x.o(.text)
    USBActivity_IRQHandler                   0x00007b8b   Thumb Code     0  startup_lpc407x_8x_177x_8x.o(.text)
    USB_IRQHandler                           0x00007b8b   Thumb Code     0  startup_lpc407x_8x_177x_8x.o(.text)
    WDT_IRQHandler                           0x00007b8b   Thumb Code     0  startup_lpc407x_8x_177x_8x.o(.text)
    __user_initial_stackheap                 0x00007b8d   Thumb Code     0  startup_lpc407x_8x_177x_8x.o(.text)
    SystemCoreClockUpdate                    0x00007bad   Thumb Code   696  system_lpc407x_8x_177x_8x.o(.text)
    fpu_init                                 0x00007e65   Thumb Code    62  system_lpc407x_8x_177x_8x.o(.text)
    SystemInit_ExtMemCtl                     0x00007ec9   Thumb Code   520  system_lpc407x_8x_177x_8x.o(.text)
    SystemInit                               0x000080d1   Thumb Code   228  system_lpc407x_8x_177x_8x.o(.text)
    GPDMA_Initialize                         0x00008213   Thumb Code   138  gpdma_lpc40xx.o(.text)
    GPDMA_Uninitialize                       0x0000829d   Thumb Code    74  gpdma_lpc40xx.o(.text)
    GPDMA_PeripheralSelect                   0x000082e7   Thumb Code    48  gpdma_lpc40xx.o(.text)
    GPDMA_ChannelConfigure                   0x00008317   Thumb Code   232  gpdma_lpc40xx.o(.text)
    GPDMA_ChannelEnable                      0x000083ff   Thumb Code    54  gpdma_lpc40xx.o(.text)
    GPDMA_ChannelDisable                     0x00008435   Thumb Code    44  gpdma_lpc40xx.o(.text)
    GPDMA_ChannelGetStatus                   0x00008461   Thumb Code    30  gpdma_lpc40xx.o(.text)
    GPDMA_ChannelGetCount                    0x0000847f   Thumb Code    38  gpdma_lpc40xx.o(.text)
    DMA_IRQHandler                           0x000084a5   Thumb Code   404  gpdma_lpc40xx.o(.text)
    PIN_Configure                            0x00008679   Thumb Code    32  pin_lpc40xx.o(.text)
    PIN_ConfigureI2C0Pins                    0x00008699   Thumb Code   220  pin_lpc40xx.o(.text)
    __aeabi_uldivmod                         0x00008779   Thumb Code     0  lludivv7m.o(.text)
    _ll_udiv                                 0x00008779   Thumb Code   238  lludivv7m.o(.text)
    __aeabi_ldivmod                          0x00008867   Thumb Code     0  llsdiv.o(.text)
    _ll_sdiv                                 0x00008867   Thumb Code    72  llsdiv.o(.text)
    __2sprintf                               0x000088b1   Thumb Code    34  noretval__2sprintf.o(.text)
    __2snprintf                              0x000088d9   Thumb Code    48  noretval__2snprintf.o(.text)
    __printf                                 0x0000890d   Thumb Code   104  __printf.o(.text)
    _printf_str                              0x00008975   Thumb Code    82  _printf_str.o(.text)
    _printf_int_dec                          0x000089c9   Thumb Code   104  _printf_dec.o(.text)
    __aeabi_memcpy4                          0x00008a41   Thumb Code     0  rt_memcpy_w.o(.text)
    __aeabi_memcpy8                          0x00008a41   Thumb Code     0  rt_memcpy_w.o(.text)
    __rt_memcpy_w                            0x00008a41   Thumb Code   100  rt_memcpy_w.o(.text)
    _memcpy_lastbytes_aligned                0x00008a89   Thumb Code     0  rt_memcpy_w.o(.text)
    __aeabi_memset                           0x00008aa5   Thumb Code    16  aeabi_memset.o(.text)
    __aeabi_memclr4                          0x00008ab5   Thumb Code     0  rt_memclr_w.o(.text)
    __aeabi_memclr8                          0x00008ab5   Thumb Code     0  rt_memclr_w.o(.text)
    __rt_memclr_w                            0x00008ab5   Thumb Code    78  rt_memclr_w.o(.text)
    _memset_w                                0x00008ab9   Thumb Code     0  rt_memclr_w.o(.text)
    __use_two_region_memory                  0x00008b03   Thumb Code     2  heapauxi.o(.text)
    __rt_heap_escrow$2region                 0x00008b05   Thumb Code     2  heapauxi.o(.text)
    __rt_heap_expand$2region                 0x00008b07   Thumb Code     2  heapauxi.o(.text)
    _printf_int_common                       0x00008b09   Thumb Code   178  _printf_intcommon.o(.text)
    _printf_char_common                      0x00008bc7   Thumb Code    32  _printf_char_common.o(.text)
    _sputc                                   0x00008bed   Thumb Code    10  _sputc.o(.text)
    _snputc                                  0x00008bf7   Thumb Code    16  _snputc.o(.text)
    _printf_cs_common                        0x00008c07   Thumb Code    20  _printf_char.o(.text)
    _printf_char                             0x00008c1b   Thumb Code    16  _printf_char.o(.text)
    _printf_string                           0x00008c2b   Thumb Code     8  _printf_char.o(.text)
    __aeabi_memclr                           0x00008c33   Thumb Code     0  rt_memclr.o(.text)
    __rt_memclr                              0x00008c33   Thumb Code    68  rt_memclr.o(.text)
    _memset                                  0x00008c37   Thumb Code     0  rt_memclr.o(.text)
    _sys_exit                                0x00008c79   Thumb Code     8  sys_exit.o(.text)
    __user_setup_stackheap                   0x00008c85   Thumb Code    74  sys_stackheap_outer.o(.text)
    __I$use$semihosting                      0x00008ccf   Thumb Code     0  use_no_semi.o(.text)
    __use_no_semihosting_swi                 0x00008ccf   Thumb Code     2  use_no_semi.o(.text)
    SVC_Count                                0x00008cd0   Data           4  svc_table.o(SVC_TABLE)
    __semihosting_library_function           0x00008cd1   Thumb Code     0  indicate_semi.o(.text)
    SVC_Table                                0x00008cd4   Data           0  svc_table.o(SVC_TABLE)
    __hardfp_floor                           0x00008cd9   Thumb Code   252  floor.o(i.__hardfp_floor)
    _init_box                                0x00008df1   Thumb Code    70  rt_membox.o(i._init_box)
    dbg_init                                 0x00008e39   Thumb Code    34  hal_cm.o(i.dbg_init)
    dbg_task_notify                          0x00008e69   Thumb Code    32  hal_cm.o(i.dbg_task_notify)
    dbg_task_switch                          0x00008e89   Thumb Code    16  hal_cm.o(i.dbg_task_switch)
    isrMessageGet                            0x00008e99   Thumb Code    42  rt_cmsis.o(i.isrMessageGet)
    isrMessagePut                            0x00008ec3   Thumb Code    44  rt_cmsis.o(i.isrMessagePut)
    isr_mbx_receive                          0x00008ef1   Thumb Code    82  rt_mailbox.o(i.isr_mbx_receive)
    isr_mbx_send                             0x00008f43   Thumb Code    14  rt_mailbox.o(i.isr_mbx_send)
    osKernelInitialize                       0x00008f51   Thumb Code    30  rt_cmsis.o(i.osKernelInitialize)
    osKernelStart                            0x00008f75   Thumb Code    98  rt_cmsis.o(i.osKernelStart)
    osMessageGet                             0x00008fe1   Thumb Code    18  rt_cmsis.o(i.osMessageGet)
    osThreadCreate                           0x00008ff9   Thumb Code    38  rt_cmsis.o(i.osThreadCreate)
    osThreadExit                             0x00009029   Thumb Code    14  rt_cmsis.o(i.osThreadExit)
    osTimerCall                              0x00009041   Thumb Code     8  rt_cmsis.o(i.osTimerCall)
    osTimerThread                            0x0000904d   Thumb Code    38  rt_cmsis.o(i.osTimerThread)
    os_tick_init                             0x00009079   Thumb Code    32  rt_system.o(i.os_tick_init)
    os_tick_irqack                           0x000090a1   Thumb Code     2  rt_system.o(i.os_tick_irqack)
    rt_alloc_box                             0x000090a3   Thumb Code    26  rt_membox.o(i.rt_alloc_box)
    rt_alloc_mem                             0x000090bd   Thumb Code    62  rt_memory.o(i.rt_alloc_mem)
    rt_block                                 0x000090fd   Thumb Code    48  rt_task.o(i.rt_block)
    rt_chk_robin                             0x00009135   Thumb Code    60  rt_robin.o(i.rt_chk_robin)
    rt_dec_dly                               0x0000917d   Thumb Code   102  rt_list.o(i.rt_dec_dly)
    rt_dispatch                              0x000091ed   Thumb Code    60  rt_task.o(i.rt_dispatch)
    rt_evt_psh                               0x00009231   Thumb Code    76  rt_event.o(i.rt_evt_psh)
    rt_free_box                              0x00009281   Thumb Code    44  rt_membox.o(i.rt_free_box)
    rt_free_mem                              0x000092ad   Thumb Code    40  rt_memory.o(i.rt_free_mem)
    rt_get_first                             0x000092d5   Thumb Code    40  rt_list.o(i.rt_get_first)
    rt_init_mem                              0x0000934d   Thumb Code    26  rt_memory.o(i.rt_init_mem)
    rt_init_robin                            0x00009369   Thumb Code    14  rt_robin.o(i.rt_init_robin)
    rt_init_stack                            0x00009381   Thumb Code   118  hal_cm.o(i.rt_init_stack)
    rt_mbx_check                             0x00009401   Thumb Code     8  rt_mailbox.o(i.rt_mbx_check)
    rt_mbx_init                              0x00009409   Thumb Code    26  rt_mailbox.o(i.rt_mbx_init)
    rt_mbx_psh                               0x00009425   Thumb Code   236  rt_mailbox.o(i.rt_mbx_psh)
    rt_mbx_wait                              0x00009515   Thumb Code   174  rt_mailbox.o(i.rt_mbx_wait)
    rt_mut_init                              0x0000960d   Thumb Code    16  rt_mutex.o(i.rt_mut_init)
    rt_mut_release                           0x0000961d   Thumb Code   208  rt_mutex.o(i.rt_mut_release)
    rt_mut_wait                              0x000096f5   Thumb Code   100  rt_mutex.o(i.rt_mut_wait)
    rt_pop_req                               0x0000975d   Thumb Code   112  rt_system.o(i.rt_pop_req)
    rt_psh_req                               0x000097d9   Thumb Code    22  rt_system.o(i.rt_psh_req)
    rt_psq_enq                               0x000097f9   Thumb Code    88  rt_list.o(i.rt_psq_enq)
    rt_put_dly                               0x00009855   Thumb Code    68  rt_list.o(i.rt_put_dly)
    rt_put_prio                              0x0000989d   Thumb Code    54  rt_list.o(i.rt_put_prio)
    rt_put_rdy_first                         0x000098d5   Thumb Code    14  rt_list.o(i.rt_put_rdy_first)
    rt_resort_prio                           0x000098e9   Thumb Code    46  rt_list.o(i.rt_resort_prio)
    rt_ret_val                               0x0000992d   Thumb Code    12  hal_cm.o(i.rt_ret_val)
    rt_ret_val2                              0x00009939   Thumb Code    16  hal_cm.o(i.rt_ret_val2)
    rt_rmv_dly                               0x00009949   Thumb Code    40  rt_list.o(i.rt_rmv_dly)
    rt_rmv_list                              0x00009971   Thumb Code    44  rt_list.o(i.rt_rmv_list)
    rt_sem_psh                               0x000099a1   Thumb Code    48  rt_semaphore.o(i.rt_sem_psh)
    rt_stk_check                             0x000099d5   Thumb Code    28  rt_system.o(i.rt_stk_check)
    rt_switch_req                            0x000099f9   Thumb Code    30  rt_task.o(i.rt_switch_req)
    rt_sys_init                              0x00009a21   Thumb Code   138  rt_task.o(i.rt_sys_init)
    rt_sys_start                             0x00009aed   Thumb Code   110  rt_task.o(i.rt_sys_start)
    rt_systick                               0x00009b65   Thumb Code    50  rt_system.o(i.rt_systick)
    rt_tsk_create                            0x00009bed   Thumb Code   118  rt_task.o(i.rt_tsk_create)
    rt_tsk_delete                            0x00009c75   Thumb Code   352  rt_task.o(i.rt_tsk_delete)
    rt_tsk_prio                              0x00009df1   Thumb Code   108  rt_task.o(i.rt_tsk_prio)
    rt_tsk_self                              0x00009e6d   Thumb Code    12  rt_task.o(i.rt_tsk_self)
    svcKernelInitialize                      0x00009e7d   Thumb Code    80  rt_cmsis.o(i.svcKernelInitialize)
    svcKernelStart                           0x00009eed   Thumb Code    62  rt_cmsis.o(i.svcKernelStart)
    svcMessageCreate                         0x00009f35   Thumb Code    36  rt_cmsis.o(i.svcMessageCreate)
    svcMessageGet                            0x00009f59   Thumb Code    58  rt_cmsis.o(i.svcMessageGet)
    svcThreadCreate                          0x00009f95   Thumb Code   100  rt_cmsis.o(i.svcThreadCreate)
    svcThreadGetId                           0x0000a005   Thumb Code    22  rt_cmsis.o(i.svcThreadGetId)
    svcThreadTerminate                       0x0000a021   Thumb Code    50  rt_cmsis.o(i.svcThreadTerminate)
    svcTimerCall                             0x0000a059   Thumb Code    24  rt_cmsis.o(i.svcTimerCall)
    sysTimerTick                             0x0000a071   Thumb Code    84  rt_cmsis.o(i.sysTimerTick)
    __aeabi_dadd                             0x0000a0cd   Thumb Code     0  daddsub_clz.o(x$fpl$dadd)
    _dadd                                    0x0000a0cd   Thumb Code   332  daddsub_clz.o(x$fpl$dadd)
    __fpl_dcmp_Inf                           0x0000a21d   Thumb Code    24  dcmpi.o(x$fpl$dcmpinf)
    __aeabi_ddiv                             0x0000a235   Thumb Code     0  ddiv.o(x$fpl$ddiv)
    _ddiv                                    0x0000a235   Thumb Code   552  ddiv.o(x$fpl$ddiv)
    __aeabi_cdcmpeq                          0x0000a4e5   Thumb Code     0  deqf.o(x$fpl$deqf)
    _dcmpeq                                  0x0000a4e5   Thumb Code   120  deqf.o(x$fpl$deqf)
    __aeabi_ui2d                             0x0000a55d   Thumb Code     0  dflt_clz.o(x$fpl$dfltu)
    _dfltu                                   0x0000a55d   Thumb Code    38  dflt_clz.o(x$fpl$dfltu)
    __aeabi_cdcmple                          0x0000a585   Thumb Code     0  dleqf.o(x$fpl$dleqf)
    _dcmple                                  0x0000a585   Thumb Code   120  dleqf.o(x$fpl$dleqf)
    __fpl_dcmple_InfNaN                      0x0000a5e7   Thumb Code     0  dleqf.o(x$fpl$dleqf)
    __aeabi_dmul                             0x0000a5fd   Thumb Code     0  dmul.o(x$fpl$dmul)
    _dmul                                    0x0000a5fd   Thumb Code   332  dmul.o(x$fpl$dmul)
    __fpl_dnaninf                            0x0000a751   Thumb Code   156  dnaninf.o(x$fpl$dnaninf)
    __fpl_dretinf                            0x0000a7ed   Thumb Code    12  dretinf.o(x$fpl$dretinf)
    __aeabi_cdrcmple                         0x0000a7f9   Thumb Code     0  drleqf.o(x$fpl$drleqf)
    _drcmple                                 0x0000a7f9   Thumb Code   108  drleqf.o(x$fpl$drleqf)
    __aeabi_drsub                            0x0000a865   Thumb Code     0  daddsub_clz.o(x$fpl$drsb)
    _drsb                                    0x0000a865   Thumb Code    22  daddsub_clz.o(x$fpl$drsb)
    __aeabi_dsub                             0x0000a87d   Thumb Code     0  daddsub_clz.o(x$fpl$dsub)
    _dsub                                    0x0000a87d   Thumb Code   464  daddsub_clz.o(x$fpl$dsub)
    _fp_init                                 0x0000aa51   Thumb Code    10  fpinit.o(x$fpl$fpinit)
    __fplib_config_fpu_vfp                   0x0000aa59   Thumb Code     0  fpinit.o(x$fpl$fpinit)
    __fplib_config_pureend_doubles           0x0000aa59   Thumb Code     0  fpinit.o(x$fpl$fpinit)
    __aeabi_d2lz                             0x0000aa5d   Thumb Code     0  dfixll.o(x$fpl$llsfromd)
    _ll_sfrom_d                              0x0000aa5d   Thumb Code   194  dfixll.o(x$fpl$llsfromd)
    __I$use$fp                               0x0000ab1e   Number         0  usenofp.o(x$fpl$usenofp)
    font8x16                                 0x0000b22e   Data        1520  font8x16.o(.constdata)
    os_maxtaskrun                            0x0000b820   Data           2  rtx_conf_cm.o(.constdata)
    os_stackinfo                             0x0000b824   Data           4  rtx_conf_cm.o(.constdata)
    os_rrobin                                0x0000b828   Data           4  rtx_conf_cm.o(.constdata)
    os_tickfreq                              0x0000b82c   Data           4  rtx_conf_cm.o(.constdata)
    os_tickus_i                              0x0000b830   Data           2  rtx_conf_cm.o(.constdata)
    os_tickus_f                              0x0000b832   Data           2  rtx_conf_cm.o(.constdata)
    os_trv                                   0x0000b834   Data           4  rtx_conf_cm.o(.constdata)
    os_flags                                 0x0000b838   Data           1  rtx_conf_cm.o(.constdata)
    CMSIS_RTOS_API_Version                   0x0000b83c   Data           4  rtx_conf_cm.o(.constdata)
    CMSIS_RTOS_RTX_Version                   0x0000b840   Data           4  rtx_conf_cm.o(.constdata)
    os_clockrate                             0x0000b844   Data           4  rtx_conf_cm.o(.constdata)
    os_timernum                              0x0000b848   Data           4  rtx_conf_cm.o(.constdata)
    mp_tcb_size                              0x0000b84c   Data           2  rtx_conf_cm.o(.constdata)
    mp_stk_size                              0x0000b850   Data           4  rtx_conf_cm.o(.constdata)
    os_stack_sz                              0x0000b854   Data           4  rtx_conf_cm.o(.constdata)
    os_fifo_size                             0x0000b858   Data           1  rtx_conf_cm.o(.constdata)
    os_thread_def_osTimerThread              0x0000b85c   Data          16  rtx_conf_cm.o(.constdata)
    os_messageQ_def_osTimerMessageQ          0x0000b86c   Data           8  rtx_conf_cm.o(.constdata)
    mp_tmr_size                              0x0000b874   Data           2  rtx_conf_cm.o(.constdata)
    Driver_I2C0                              0x0000b894   Data          48  i2c_lpc40xx.o(.constdata)
    i2s                                      0x0000b938   Data           4  i2s_lpc40xx.o(.constdata)
    Driver_SAI0                              0x0000b93c   Data          44  i2s_lpc40xx.o(.constdata)
    Region$$Table$$Base                      0x0000b998   Number         0  anon$$obj.o(Region$$Table)
    Region$$Table$$Limit                     0x0000b9b8   Number         0  anon$$obj.o(Region$$Table)
    hay_nueva_pulsacion                      0x100000dc   Data           4  timer1.o(.data)
    nueva_pulsacion                          0x100000e0   Data           4  timer1.o(.data)
    rel_addr                                 0x100000f4   Data           4  sd_lpc4088_mci.o(.data)
    Callback_event                           0x1000010c   Data           4  audio_uda1380.o(.data)
    osThreadId_osTimerThread                 0x10000114   Data           4  rtx_conf_cm.o(.data)
    osMessageQId_osTimerMessageQ             0x10000118   Data           4  rtx_conf_cm.o(.data)
    os_tmr                                   0x1000011c   Data           4  rtx_conf_cm.o(.data)
    m_tmr                                    0x10000120   Data           4  rtx_conf_cm.o(.data)
    os_thread_def_main                       0x10000128   Data          16  rtx_conf_cm.o(.data)
    SystemCoreClock                          0x10000148   Data           4  system_lpc407x_8x_177x_8x.o(.data)
    PeripheralClock                          0x1000014c   Data           4  system_lpc407x_8x_177x_8x.o(.data)
    EMCClock                                 0x10000150   Data           4  system_lpc407x_8x_177x_8x.o(.data)
    USBClock                                 0x10000154   Data           4  system_lpc407x_8x_177x_8x.o(.data)
    os_initialized                           0x10000160   Data           1  rt_cmsis.o(.data)
    os_running                               0x10000161   Data           1  rt_cmsis.o(.data)
    os_timer_head                            0x10000164   Data           4  rt_cmsis.o(.data)
    os_tsk                                   0x10000168   Data           8  rt_task.o(.data)
    os_tick_irqn                             0x10000174   Data           4  rt_system.o(.data)
    os_time                                  0x10000178   Data           4  rt_time.o(.data)
    os_robin                                 0x1000017c   Data           8  rt_robin.o(.data)
    dbg_msg                                  0x10000184   Data           1  hal_cm.o(.data)
    fs                                       0x10000388   Data         564  main.o(.bss)
    buffer_w                                 0x100005bc   Data         512  main.o(.bss)
    buffer_r                                 0x100007bc   Data         512  main.o(.bss)
    mp_tcb                                   0x1000ce38   Data         376  rtx_conf_cm.o(.bss)
    mp_stk                                   0x1000cfb0   Data        1216  rtx_conf_cm.o(.bss)
    os_stack_mem                             0x1000d470   Data         432  rtx_conf_cm.o(.bss)
    os_fifo                                  0x1000d620   Data         132  rtx_conf_cm.o(.bss)
    os_active_TCB                            0x1000d6a4   Data          28  rtx_conf_cm.o(.bss)
    os_messageQ_q_osTimerMessageQ            0x1000d6c0   Data          32  rtx_conf_cm.o(.bss)
    os_idle_TCB                              0x1000dafc   Data          52  rt_task.o(.bss)
    os_rdy                                   0x1000db30   Data          24  rt_list.o(.bss)
    os_dly                                   0x1000db48   Data          24  rt_list.o(.bss)
    __libspace_start                         0x1000db60   Data          96  libspace.o(.bss)
    __temporary_stack_top$libspace           0x1000dbc0   Data           0  libspace.o(.bss)



==============================================================================

Memory Map of the image

  Image Entry point : 0x00007b71

  Load Region LR_1 (Base: 0x00000000, Size: 0x0000bb40, Max: 0xffffffff, ABSOLUTE, COMPRESSED[0x0000ba04])

    Execution Region ER_RO (Base: 0x00000000, Size: 0x0000b9b8, Max: 0xffffffff, ABSOLUTE)

    Base Addr    Size         Type   Attr      Idx    E Section Name        Object

    0x00000000   0x000000e4   Data   RO          492    RESET               startup_lpc407x_8x_177x_8x.o
    0x000000e4   0x00000008   Code   RO         1856  * !!!main             c_w.l(__main.o)
    0x000000ec   0x00000034   Code   RO         2074    !!!scatter          c_w.l(__scatter.o)
    0x00000120   0x0000005a   Code   RO         2072    !!dczerorl2         c_w.l(__dczerorl2.o)
    0x0000017a   0x00000002   PAD
    0x0000017c   0x0000001c   Code   RO         2076    !!handler_zi        c_w.l(__scatter_zi.o)
    0x00000198   0x00000000   Code   RO         1845    .ARM.Collect$$_printf_percent$$00000000  c_w.l(_printf_percent.o)
    0x00000198   0x00000006   Code   RO         1844    .ARM.Collect$$_printf_percent$$00000009  c_w.l(_printf_d.o)
    0x0000019e   0x00000006   Code   RO         1843    .ARM.Collect$$_printf_percent$$00000014  c_w.l(_printf_s.o)
    0x000001a4   0x00000004   Code   RO         1907    .ARM.Collect$$_printf_percent$$00000017  c_w.l(_printf_percent_end.o)
    0x000001a8   0x00000002   Code   RO         1959    .ARM.Collect$$libinit$$00000000  c_w.l(libinit.o)
    0x000001aa   0x00000004   Code   RO         1970    .ARM.Collect$$libinit$$00000001  c_w.l(libinit2.o)
    0x000001ae   0x00000000   Code   RO         1973    .ARM.Collect$$libinit$$00000004  c_w.l(libinit2.o)
    0x000001ae   0x00000000   Code   RO         1976    .ARM.Collect$$libinit$$0000000A  c_w.l(libinit2.o)
    0x000001ae   0x00000000   Code   RO         1978    .ARM.Collect$$libinit$$0000000C  c_w.l(libinit2.o)
    0x000001ae   0x00000000   Code   RO         1980    .ARM.Collect$$libinit$$0000000E  c_w.l(libinit2.o)
    0x000001ae   0x00000000   Code   RO         1983    .ARM.Collect$$libinit$$00000011  c_w.l(libinit2.o)
    0x000001ae   0x00000000   Code   RO         1985    .ARM.Collect$$libinit$$00000013  c_w.l(libinit2.o)
    0x000001ae   0x00000000   Code   RO         1987    .ARM.Collect$$libinit$$00000015  c_w.l(libinit2.o)
    0x000001ae   0x00000000   Code   RO         1989    .ARM.Collect$$libinit$$00000017  c_w.l(libinit2.o)
    0x000001ae   0x00000000   Code   RO         1991    .ARM.Collect$$libinit$$00000019  c_w.l(libinit2.o)
    0x000001ae   0x00000000   Code   RO         1993    .ARM.Collect$$libinit$$0000001B  c_w.l(libinit2.o)
    0x000001ae   0x00000000   Code   RO         1995    .ARM.Collect$$libinit$$0000001D  c_w.l(libinit2.o)
    0x000001ae   0x00000000   Code   RO         1997    .ARM.Collect$$libinit$$0000001F  c_w.l(libinit2.o)
    0x000001ae   0x00000000   Code   RO         1999    .ARM.Collect$$libinit$$00000021  c_w.l(libinit2.o)
    0x000001ae   0x00000000   Code   RO         2001    .ARM.Collect$$libinit$$00000023  c_w.l(libinit2.o)
    0x000001ae   0x00000000   Code   RO         2003    .ARM.Collect$$libinit$$00000025  c_w.l(libinit2.o)
    0x000001ae   0x00000000   Code   RO         2007    .ARM.Collect$$libinit$$0000002C  c_w.l(libinit2.o)
    0x000001ae   0x00000000   Code   RO         2009    .ARM.Collect$$libinit$$0000002E  c_w.l(libinit2.o)
    0x000001ae   0x00000000   Code   RO         2011    .ARM.Collect$$libinit$$00000030  c_w.l(libinit2.o)
    0x000001ae   0x00000000   Code   RO         2013    .ARM.Collect$$libinit$$00000032  c_w.l(libinit2.o)
    0x000001ae   0x00000002   Code   RO         2014    .ARM.Collect$$libinit$$00000033  c_w.l(libinit2.o)
    0x000001b0   0x00000002   Code   RO         1960    .ARM.Collect$$libshutdown$$00000000  c_w.l(libshutdown.o)
    0x000001b2   0x00000000   Code   RO         2017    .ARM.Collect$$libshutdown$$00000003  c_w.l(libshutdown2.o)
    0x000001b2   0x00000000   Code   RO         2020    .ARM.Collect$$libshutdown$$00000006  c_w.l(libshutdown2.o)
    0x000001b2   0x00000000   Code   RO         2023    .ARM.Collect$$libshutdown$$00000009  c_w.l(libshutdown2.o)
    0x000001b2   0x00000000   Code   RO         2025    .ARM.Collect$$libshutdown$$0000000B  c_w.l(libshutdown2.o)
    0x000001b2   0x00000000   Code   RO         2028    .ARM.Collect$$libshutdown$$0000000E  c_w.l(libshutdown2.o)
    0x000001b2   0x00000002   Code   RO         2029    .ARM.Collect$$libshutdown$$0000000F  c_w.l(libshutdown2.o)
    0x000001b4   0x00000000   Code   RO         1890    .ARM.Collect$$rtentry$$00000000  c_w.l(__rtentry.o)
    0x000001b4   0x00000000   Code   RO         1920    .ARM.Collect$$rtentry$$00000002  c_w.l(__rtentry2.o)
    0x000001b4   0x00000006   Code   RO         1932    .ARM.Collect$$rtentry$$00000004  c_w.l(__rtentry4.o)
    0x000001ba   0x00000000   Code   RO         1922    .ARM.Collect$$rtentry$$00000009  c_w.l(__rtentry2.o)
    0x000001ba   0x00000004   Code   RO         1923    .ARM.Collect$$rtentry$$0000000A  c_w.l(__rtentry2.o)
    0x000001be   0x00000008   Code   RO         1924    .ARM.Collect$$rtentry$$0000000B  c_w.l(__rtentry2.o)
    0x000001c6   0x00000008   Code   RO         1926    .ARM.Collect$$rtentry$$0000000D  c_w.l(__rtentry2.o)
    0x000001ce   0x00000002   Code   RO         1891    .ARM.Collect$$rtexit$$00000000  c_w.l(rtexit.o)
    0x000001d0   0x00000000   Code   RO         1935    .ARM.Collect$$rtexit$$00000002  c_w.l(rtexit2.o)
    0x000001d0   0x00000004   Code   RO         1936    .ARM.Collect$$rtexit$$00000003  c_w.l(rtexit2.o)
    0x000001d4   0x00000006   Code   RO         1937    .ARM.Collect$$rtexit$$00000004  c_w.l(rtexit2.o)
    0x000001da   0x00000002   PAD
    0x000001dc   0x0000001c   Code   RO          376    .emb_text           rtx_conf_cm.o
    0x000001f8   0x00000048   Code   RO            1    .text               bloque.o
    0x00000240   0x000000a8   Code   RO           55    .text               timer1.o
    0x000002e8   0x00000008   Code   RO         1802    .text               c_w.l(libspace.o)
    0x000002f0   0x0000000c   Code   RO         1846    .text               c_w.l(exit.o)
    0x000002fc   0x00000004   Code   RO          493    .ARM.__at_0x02FC    startup_lpc407x_8x_177x_8x.o
    0x00000300   0x00000198   Code   RO         1787    .emb_text           RTX_CM4.lib(hal_cm4.o)
    0x00000498   0x0000044c   Code   RO           32    .text               menu.o
    0x000008e4   0x000007ac   Code   RO          109    .text               glcd.o
    0x00001090   0x00000050   Code   RO          141    .text               joystick.o
    0x000010e0   0x00000080   Code   RO          162    .text               diskio.o
    0x00001160   0x000026cc   Code   RO          183    .text               ff.o
    0x0000382c   0x00000098   Code   RO          211    .text               rtc.o
    0x000038c4   0x00000518   Code   RO          238    .text               sd_lpc4088_mci.o
    0x00003ddc   0x0000070c   Code   RO          265    .text               sdram.o
    0x000044e8   0x00000080   Code   RO          288    .text               soporte_nombres_largos.o
    0x00004568   0x0000085c   Code   RO          305    .text               main.o
    0x00004dc4   0x000009bc   Code   RO          347    .text               audio_uda1380.o
    0x00005780   0x000000ac   Code   RO          377    .text               rtx_conf_cm.o
    0x0000582c   0x00000ae0   Code   RO          407    .text               i2c_lpc40xx.o
    0x0000630c   0x00001864   Code   RO          454    .text               i2s_lpc40xx.o
    0x00007b70   0x0000003c   Code   RO          494  * .text               startup_lpc407x_8x_177x_8x.o
    0x00007bac   0x00000634   Code   RO          503    .text               system_lpc407x_8x_177x_8x.o
    0x000081e0   0x00000498   Code   RO          533    .text               gpdma_lpc40xx.o
    0x00008678   0x00000100   Code   RO          560    .text               pin_lpc40xx.o
    0x00008778   0x000000ee   Code   RO         1805    .text               c_w.l(lludivv7m.o)
    0x00008866   0x00000048   Code   RO         1807    .text               c_w.l(llsdiv.o)
    0x000088ae   0x00000002   PAD
    0x000088b0   0x00000028   Code   RO         1813    .text               c_w.l(noretval__2sprintf.o)
    0x000088d8   0x00000034   Code   RO         1815    .text               c_w.l(noretval__2snprintf.o)
    0x0000890c   0x00000068   Code   RO         1817    .text               c_w.l(__printf.o)
    0x00008974   0x00000052   Code   RO         1819    .text               c_w.l(_printf_str.o)
    0x000089c6   0x00000002   PAD
    0x000089c8   0x00000078   Code   RO         1821    .text               c_w.l(_printf_dec.o)
    0x00008a40   0x00000064   Code   RO         1848    .text               c_w.l(rt_memcpy_w.o)
    0x00008aa4   0x00000010   Code   RO         1850    .text               c_w.l(aeabi_memset.o)
    0x00008ab4   0x0000004e   Code   RO         1852    .text               c_w.l(rt_memclr_w.o)
    0x00008b02   0x00000006   Code   RO         1854    .text               c_w.l(heapauxi.o)
    0x00008b08   0x000000b2   Code   RO         1897    .text               c_w.l(_printf_intcommon.o)
    0x00008bba   0x00000002   PAD
    0x00008bbc   0x00000030   Code   RO         1899    .text               c_w.l(_printf_char_common.o)
    0x00008bec   0x0000000a   Code   RO         1901    .text               c_w.l(_sputc.o)
    0x00008bf6   0x00000010   Code   RO         1903    .text               c_w.l(_snputc.o)
    0x00008c06   0x0000002c   Code   RO         1905    .text               c_w.l(_printf_char.o)
    0x00008c32   0x00000044   Code   RO         1908    .text               c_w.l(rt_memclr.o)
    0x00008c76   0x00000002   PAD
    0x00008c78   0x0000000c   Code   RO         1945    .text               c_w.l(sys_exit.o)
    0x00008c84   0x0000004a   Code   RO         1947    .text               c_w.l(sys_stackheap_outer.o)
    0x00008cce   0x00000002   Code   RO         1961    .text               c_w.l(use_no_semi.o)
    0x00008cd0   0x00000000   Code   RO         1963    .text               c_w.l(indicate_semi.o)
    0x00008cd0   0x00000004   Code   RO         1797    SVC_TABLE           RTX_CM4.lib(svc_table.o)
    0x00008cd4   0x00000004   PAD
    0x00008cd8   0x00000118   Code   RO         1884    i.__hardfp_floor    m_wm.l(floor.o)
    0x00008df0   0x00000046   Code   RO         1681    i._init_box         RTX_CM4.lib(rt_membox.o)
    0x00008e36   0x00000002   PAD
    0x00008e38   0x00000030   Code   RO         1734    i.dbg_init          RTX_CM4.lib(hal_cm.o)
    0x00008e68   0x00000020   Code   RO         1735    i.dbg_task_notify   RTX_CM4.lib(hal_cm.o)
    0x00008e88   0x00000010   Code   RO         1736    i.dbg_task_switch   RTX_CM4.lib(hal_cm.o)
    0x00008e98   0x0000002a   Code   RO          584    i.isrMessageGet     RTX_CM4.lib(rt_cmsis.o)
    0x00008ec2   0x0000002c   Code   RO          585    i.isrMessagePut     RTX_CM4.lib(rt_cmsis.o)
    0x00008eee   0x00000002   PAD
    0x00008ef0   0x00000052   Code   RO         1536    i.isr_mbx_receive   RTX_CM4.lib(rt_mailbox.o)
    0x00008f42   0x0000000e   Code   RO         1537    i.isr_mbx_send      RTX_CM4.lib(rt_mailbox.o)
    0x00008f50   0x00000024   Code   RO          589    i.osKernelInitialize  RTX_CM4.lib(rt_cmsis.o)
    0x00008f74   0x0000006c   Code   RO          591    i.osKernelStart     RTX_CM4.lib(rt_cmsis.o)
    0x00008fe0   0x00000018   Code   RO          600    i.osMessageGet      RTX_CM4.lib(rt_cmsis.o)
    0x00008ff8   0x00000030   Code   RO          617    i.osThreadCreate    RTX_CM4.lib(rt_cmsis.o)
    0x00009028   0x00000018   Code   RO          618    i.osThreadExit      RTX_CM4.lib(rt_cmsis.o)
    0x00009040   0x0000000c   Code   RO          624    i.osTimerCall       RTX_CM4.lib(rt_cmsis.o)
    0x0000904c   0x0000002c   Code   RO          629    i.osTimerThread     RTX_CM4.lib(rt_cmsis.o)
    0x00009078   0x00000028   Code   RO         1328    i.os_tick_init      RTX_CM4.lib(rt_system.o)
    0x000090a0   0x00000002   Code   RO         1329    i.os_tick_irqack    RTX_CM4.lib(rt_system.o)
    0x000090a2   0x0000001a   Code   RO         1682    i.rt_alloc_box      RTX_CM4.lib(rt_membox.o)
    0x000090bc   0x0000003e   Code   RO         1710    i.rt_alloc_mem      RTX_CM4.lib(rt_memory.o)
    0x000090fa   0x00000002   PAD
    0x000090fc   0x00000038   Code   RO         1209    i.rt_block          RTX_CM4.lib(rt_task.o)
    0x00009134   0x00000048   Code   RO         1659    i.rt_chk_robin      RTX_CM4.lib(rt_robin.o)
    0x0000917c   0x00000070   Code   RO         1460    i.rt_dec_dly        RTX_CM4.lib(rt_list.o)
    0x000091ec   0x00000044   Code   RO         1210    i.rt_dispatch       RTX_CM4.lib(rt_task.o)
    0x00009230   0x00000050   Code   RO         1421    i.rt_evt_psh        RTX_CM4.lib(rt_event.o)
    0x00009280   0x0000002c   Code   RO         1683    i.rt_free_box       RTX_CM4.lib(rt_membox.o)
    0x000092ac   0x00000028   Code   RO         1711    i.rt_free_mem       RTX_CM4.lib(rt_memory.o)
    0x000092d4   0x00000028   Code   RO         1461    i.rt_get_first      RTX_CM4.lib(rt_list.o)
    0x000092fc   0x00000008   Code   RO          634    i.rt_id2obj         RTX_CM4.lib(rt_cmsis.o)
    0x00009304   0x00000048   Code   RO         1211    i.rt_init_context   RTX_CM4.lib(rt_task.o)
    0x0000934c   0x0000001a   Code   RO         1712    i.rt_init_mem       RTX_CM4.lib(rt_memory.o)
    0x00009366   0x00000002   PAD
    0x00009368   0x00000018   Code   RO         1660    i.rt_init_robin     RTX_CM4.lib(rt_robin.o)
    0x00009380   0x00000080   Code   RO         1737    i.rt_init_stack     RTX_CM4.lib(hal_cm.o)
    0x00009400   0x00000008   Code   RO         1538    i.rt_mbx_check      RTX_CM4.lib(rt_mailbox.o)
    0x00009408   0x0000001a   Code   RO         1539    i.rt_mbx_init       RTX_CM4.lib(rt_mailbox.o)
    0x00009422   0x00000002   PAD
    0x00009424   0x000000f0   Code   RO         1540    i.rt_mbx_psh        RTX_CM4.lib(rt_mailbox.o)
    0x00009514   0x000000b4   Code   RO         1542    i.rt_mbx_wait       RTX_CM4.lib(rt_mailbox.o)
    0x000095c8   0x00000044   Code   RO          635    i.rt_ms2tick        RTX_CM4.lib(rt_cmsis.o)
    0x0000960c   0x00000010   Code   RO         1294    i.rt_mut_init       RTX_CM4.lib(rt_mutex.o)
    0x0000961c   0x000000d8   Code   RO         1295    i.rt_mut_release    RTX_CM4.lib(rt_mutex.o)
    0x000096f4   0x00000068   Code   RO         1296    i.rt_mut_wait       RTX_CM4.lib(rt_mutex.o)
    0x0000975c   0x0000007c   Code   RO         1332    i.rt_pop_req        RTX_CM4.lib(rt_system.o)
    0x000097d8   0x00000020   Code   RO         1333    i.rt_psh_req        RTX_CM4.lib(rt_system.o)
    0x000097f8   0x0000005c   Code   RO         1463    i.rt_psq_enq        RTX_CM4.lib(rt_list.o)
    0x00009854   0x00000048   Code   RO         1464    i.rt_put_dly        RTX_CM4.lib(rt_list.o)
    0x0000989c   0x00000036   Code   RO         1465    i.rt_put_prio       RTX_CM4.lib(rt_list.o)
    0x000098d2   0x00000002   PAD
    0x000098d4   0x00000014   Code   RO         1466    i.rt_put_rdy_first  RTX_CM4.lib(rt_list.o)
    0x000098e8   0x00000034   Code   RO         1467    i.rt_resort_prio    RTX_CM4.lib(rt_list.o)
    0x0000991c   0x00000010   Code   RO         1738    i.rt_ret_regs       RTX_CM4.lib(hal_cm.o)
    0x0000992c   0x0000000c   Code   RO         1739    i.rt_ret_val        RTX_CM4.lib(hal_cm.o)
    0x00009938   0x00000010   Code   RO         1740    i.rt_ret_val2       RTX_CM4.lib(hal_cm.o)
    0x00009948   0x00000028   Code   RO         1468    i.rt_rmv_dly        RTX_CM4.lib(rt_list.o)
    0x00009970   0x00000030   Code   RO         1469    i.rt_rmv_list       RTX_CM4.lib(rt_list.o)
    0x000099a0   0x00000034   Code   RO         1587    i.rt_sem_psh        RTX_CM4.lib(rt_semaphore.o)
    0x000099d4   0x00000024   Code   RO         1335    i.rt_stk_check      RTX_CM4.lib(rt_system.o)
    0x000099f8   0x00000028   Code   RO         1212    i.rt_switch_req     RTX_CM4.lib(rt_task.o)
    0x00009a20   0x000000cc   Code   RO         1213    i.rt_sys_init       RTX_CM4.lib(rt_task.o)
    0x00009aec   0x00000078   Code   RO         1214    i.rt_sys_start      RTX_CM4.lib(rt_task.o)
    0x00009b64   0x00000040   Code   RO         1337    i.rt_systick        RTX_CM4.lib(rt_system.o)
    0x00009ba4   0x00000012   Code   RO          636    i.rt_tid2ptcb       RTX_CM4.lib(rt_cmsis.o)
    0x00009bb6   0x00000002   PAD
    0x00009bb8   0x00000034   Code   RO          637    i.rt_timer_insert   RTX_CM4.lib(rt_cmsis.o)
    0x00009bec   0x00000088   Code   RO         1215    i.rt_tsk_create     RTX_CM4.lib(rt_task.o)
    0x00009c74   0x0000017c   Code   RO         1216    i.rt_tsk_delete     RTX_CM4.lib(rt_task.o)
    0x00009df0   0x0000007c   Code   RO         1218    i.rt_tsk_prio       RTX_CM4.lib(rt_task.o)
    0x00009e6c   0x00000010   Code   RO         1219    i.rt_tsk_self       RTX_CM4.lib(rt_task.o)
    0x00009e7c   0x00000070   Code   RO          640    i.svcKernelInitialize  RTX_CM4.lib(rt_cmsis.o)
    0x00009eec   0x00000048   Code   RO          642    i.svcKernelStart    RTX_CM4.lib(rt_cmsis.o)
    0x00009f34   0x00000024   Code   RO          645    i.svcMessageCreate  RTX_CM4.lib(rt_cmsis.o)
    0x00009f58   0x0000003a   Code   RO          646    i.svcMessageGet     RTX_CM4.lib(rt_cmsis.o)
    0x00009f92   0x00000002   PAD
    0x00009f94   0x00000070   Code   RO          660    i.svcThreadCreate   RTX_CM4.lib(rt_cmsis.o)
    0x0000a004   0x0000001c   Code   RO          661    i.svcThreadGetId    RTX_CM4.lib(rt_cmsis.o)
    0x0000a020   0x00000038   Code   RO          664    i.svcThreadTerminate  RTX_CM4.lib(rt_cmsis.o)
    0x0000a058   0x00000018   Code   RO          666    i.svcTimerCall      RTX_CM4.lib(rt_cmsis.o)
    0x0000a070   0x0000005c   Code   RO          675    i.sysTimerTick      RTX_CM4.lib(rt_cmsis.o)
    0x0000a0cc   0x00000150   Code   RO         1858    x$fpl$dadd          fz_wm.l(daddsub_clz.o)
    0x0000a21c   0x00000018   Code   RO         1910    x$fpl$dcmpinf       fz_wm.l(dcmpi.o)
    0x0000a234   0x000002b0   Code   RO         1865    x$fpl$ddiv          fz_wm.l(ddiv.o)
    0x0000a4e4   0x00000078   Code   RO         1868    x$fpl$deqf          fz_wm.l(deqf.o)
    0x0000a55c   0x00000026   Code   RO         1874    x$fpl$dfltu         fz_wm.l(dflt_clz.o)
    0x0000a582   0x00000002   PAD
    0x0000a584   0x00000078   Code   RO         1912    x$fpl$dleqf         fz_wm.l(dleqf.o)
    0x0000a5fc   0x00000154   Code   RO         1880    x$fpl$dmul          fz_wm.l(dmul.o)
    0x0000a750   0x0000009c   Code   RO         1914    x$fpl$dnaninf       fz_wm.l(dnaninf.o)
    0x0000a7ec   0x0000000c   Code   RO         1916    x$fpl$dretinf       fz_wm.l(dretinf.o)
    0x0000a7f8   0x0000006c   Code   RO         1882    x$fpl$drleqf        fz_wm.l(drleqf.o)
    0x0000a864   0x00000016   Code   RO         1859    x$fpl$drsb          fz_wm.l(daddsub_clz.o)
    0x0000a87a   0x00000002   PAD
    0x0000a87c   0x000001d4   Code   RO         1860    x$fpl$dsub          fz_wm.l(daddsub_clz.o)
    0x0000aa50   0x0000000a   Code   RO         2036    x$fpl$fpinit        fz_wm.l(fpinit.o)
    0x0000aa5a   0x00000002   PAD
    0x0000aa5c   0x000000c2   Code   RO         1870    x$fpl$llsfromd      fz_wm.l(dfixll.o)
    0x0000ab1e   0x00000000   Code   RO         1918    x$fpl$usenofp       fz_wm.l(usenofp.o)
    0x0000ab1e   0x000001c2   Data   RO            2    .constdata          bloque.o
    0x0000ace0   0x0000008d   Data   RO          185    .constdata          ff.o
    0x0000ad6d   0x00000001   PAD
    0x0000ad6e   0x000004c0   Data   RO          289    .constdata          soporte_nombres_largos.o
    0x0000b22e   0x000005f0   Data   RO          340    .constdata          font8x16.o
    0x0000b81e   0x00000002   PAD
    0x0000b820   0x00000056   Data   RO          379    .constdata          rtx_conf_cm.o
    0x0000b876   0x00000002   PAD
    0x0000b878   0x0000004c   Data   RO          409    .constdata          i2c_lpc40xx.o
    0x0000b8c4   0x00000004   PAD
    0x0000b8c8   0x000000d0   Data   RO          456    .constdata          i2s_lpc40xx.o
    0x0000b998   0x00000020   Data   RO         2070    Region$$Table       anon$$obj.o


    Execution Region ER_RW (Base: 0x10000000, Size: 0x00000188, Max: 0xffffffff, ABSOLUTE, COMPRESSED[0x0000004c])

    Base Addr    Size         Type   Attr      Idx    E Section Name        Object

    0x10000000   0x000000dc   Data   RW           33    .data               menu.o
    0x100000dc   0x0000000c   Data   RW           56    .data               timer1.o
    0x100000e8   0x00000006   Data   RW          186    .data               ff.o
    0x100000ee   0x00000002   PAD
    0x100000f0   0x00000010   Data   RW          239    .data               sd_lpc4088_mci.o
    0x10000100   0x00000008   Data   RW          266    .data               sdram.o
    0x10000108   0x00000004   Data   RW          307    .data               main.o
    0x1000010c   0x00000007   Data   RW          349    .data               audio_uda1380.o
    0x10000113   0x00000001   PAD
    0x10000114   0x00000024   Data   RW          380    .data               rtx_conf_cm.o
    0x10000138   0x0000000e   Data   RW          457    .data               i2s_lpc40xx.o
    0x10000146   0x00000002   PAD
    0x10000148   0x00000010   Data   RW          504    .data               system_lpc407x_8x_177x_8x.o
    0x10000158   0x00000008   Data   RW          535    .data               gpdma_lpc40xx.o
    0x10000160   0x00000008   Data   RW          678    .data               RTX_CM4.lib(rt_cmsis.o)
    0x10000168   0x00000008   Data   RW         1221    .data               RTX_CM4.lib(rt_task.o)
    0x10000170   0x00000008   Data   RW         1340    .data               RTX_CM4.lib(rt_system.o)
    0x10000178   0x00000004   Data   RW         1630    .data               RTX_CM4.lib(rt_time.o)
    0x1000017c   0x00000008   Data   RW         1661    .data               RTX_CM4.lib(rt_robin.o)
    0x10000184   0x00000001   Data   RW         1741    .data               RTX_CM4.lib(hal_cm.o)


    Execution Region ER_ZI (Base: 0x10000188, Size: 0x0000de38, Max: 0xffffffff, ABSOLUTE)

    Base Addr    Size         Type   Attr      Idx    E Section Name        Object

    0x10000188   0x00000200   Zero   RW          184    .bss                ff.o
    0x10000388   0x0000ca84   Zero   RW          306    .bss                main.o
    0x1000ce0c   0x00000028   Zero   RW          348    .bss                audio_uda1380.o
    0x1000ce34   0x00000004   PAD
    0x1000ce38   0x00000bc8   Zero   RW          378    .bss                rtx_conf_cm.o
    0x1000da00   0x00000024   Zero   RW          408    .bss                i2c_lpc40xx.o
    0x1000da24   0x00000038   Zero   RW          455    .bss                i2s_lpc40xx.o
    0x1000da5c   0x000000a0   Zero   RW          534    .bss                gpdma_lpc40xx.o
    0x1000dafc   0x00000034   Zero   RW         1220    .bss                RTX_CM4.lib(rt_task.o)
    0x1000db30   0x00000030   Zero   RW         1470    .bss                RTX_CM4.lib(rt_list.o)
    0x1000db60   0x00000060   Zero   RW         1803    .bss                c_w.l(libspace.o)
    0x1000dbc0   0x00000000   Zero   RW          491    HEAP                startup_lpc407x_8x_177x_8x.o
    0x1000dbc0   0x00000400   Zero   RW          490    STACK               startup_lpc407x_8x_177x_8x.o


==============================================================================

Image component sizes


      Code (inc. data)   RO Data    RW Data    ZI Data      Debug   Object Name

      2492         60          0          7         40      17582   audio_uda1380.o
        72          6        450          0          0       5632   bloque.o
       128          0          0          0          0       3354   diskio.o
      9932         64        141          6        512      30914   ff.o
         0          0       1520          0          0        407   font8x16.o
      1964         58          0          0          0       6021   glcd.o
      1176         50          0          8        160       5293   gpdma_lpc40xx.o
      2784         74         76          0         36      39195   i2c_lpc40xx.o
      6244        104        208         14         56      16321   i2s_lpc40xx.o
        80          6          0          0          0        552   joystick.o
      2140        422          0          4      51844       5539   main.o
      1100        110          0        220          0       2535   menu.o
       256          4          0          0          0       1090   pin_lpc40xx.o
       152          6          0          0          0       1538   rtc.o
       200         34         86         36       3016       8785   rtx_conf_cm.o
      1304         70          0         16          0       4528   sd_lpc4088_mci.o
      1804         36          0          8          0       3407   sdram.o
       128         12       1216          0          0       1549   soporte_nombres_largos.o
        64         26        228          0       1024       1132   startup_lpc407x_8x_177x_8x.o
      1588         96          0         16          0       7149   system_lpc407x_8x_177x_8x.o
       168         16          0         12          0      50359   timer1.o

    ----------------------------------------------------------------------
     33776       1254       3966        352      56692     212882   Object Totals
         0          0         32          0          0          0   (incl. Generated)
         0          0          9          5          4          0   (incl. Padding)

    ----------------------------------------------------------------------

      Code (inc. data)   RO Data    RW Data    ZI Data      Debug   Library Member Name

       268         24          0          1          0       4452   hal_cm.o
       408         34          0          0          0        816   hal_cm4.o
      1118        140          0          8          0      33869   rt_cmsis.o
        80          4          0          0          0        701   rt_event.o
       530         34          0          0         48       8597   rt_list.o
       550         10          0          0          0       4185   rt_mailbox.o
       140          0          0          0          0       2045   rt_membox.o
       128          0          0          0          0       2419   rt_memory.o
       336         12          0          0          0       2201   rt_mutex.o
        96         22          0          8          0       1230   rt_robin.o
        52          4          0          0          0        613   rt_semaphore.o
       298         52          0          8          0       6439   rt_system.o
      1216        174          0          8         52      10025   rt_task.o
         0          0          0          4          0        206   rt_time.o
         4          4          0          0          0        200   svc_table.o
        90          0          0          0          0          0   __dczerorl2.o
         8          0          0          0          0         68   __main.o
       104          0          0          0          0         84   __printf.o
         0          0          0          0          0          0   __rtentry.o
        20          0          0          0          0          0   __rtentry2.o
         6          0          0          0          0          0   __rtentry4.o
        52          8          0          0          0          0   __scatter.o
        28          0          0          0          0          0   __scatter_zi.o
        44          0          0          0          0        108   _printf_char.o
        48          6          0          0          0         96   _printf_char_common.o
         6          0          0          0          0          0   _printf_d.o
       120         16          0          0          0         92   _printf_dec.o
       178          0          0          0          0         88   _printf_intcommon.o
         0          0          0          0          0          0   _printf_percent.o
         4          0          0          0          0          0   _printf_percent_end.o
         6          0          0          0          0          0   _printf_s.o
        82          0          0          0          0         80   _printf_str.o
        16          0          0          0          0         68   _snputc.o
        10          0          0          0          0         68   _sputc.o
        16          0          0          0          0         68   aeabi_memset.o
        12          0          0          0          0         72   exit.o
         6          0          0          0          0        152   heapauxi.o
         0          0          0          0          0          0   indicate_semi.o
         2          0          0          0          0          0   libinit.o
         6          0          0          0          0          0   libinit2.o
         2          0          0          0          0          0   libshutdown.o
         2          0          0          0          0          0   libshutdown2.o
         8          4          0          0         96         68   libspace.o
        72          0          0          0          0         76   llsdiv.o
       238          0          0          0          0        100   lludivv7m.o
        52          4          0          0          0         84   noretval__2snprintf.o
        40          6          0          0          0         84   noretval__2sprintf.o
        68          0          0          0          0         68   rt_memclr.o
        78          0          0          0          0         80   rt_memclr_w.o
       100          0          0          0          0         80   rt_memcpy_w.o
         2          0          0          0          0          0   rtexit.o
        10          0          0          0          0          0   rtexit2.o
        12          4          0          0          0         68   sys_exit.o
        74          0          0          0          0         80   sys_stackheap_outer.o
         2          0          0          0          0         68   use_no_semi.o
       826         16          0          0          0        492   daddsub_clz.o
        24          0          0          0          0        116   dcmpi.o
       688        140          0          0          0        256   ddiv.o
       120          4          0          0          0        140   deqf.o
       194          4          0          0          0        164   dfixll.o
        38          0          0          0          0        116   dflt_clz.o
       120          4          0          0          0        140   dleqf.o
       340         12          0          0          0        152   dmul.o
       156          4          0          0          0        140   dnaninf.o
        12          0          0          0          0        116   dretinf.o
       108          0          0          0          0        128   drleqf.o
        10          0          0          0          0        116   fpinit.o
         0          0          0          0          0          0   usenofp.o
       280         28          0          0          0        156   floor.o

    ----------------------------------------------------------------------
      9802        778          0         40        196      82130   Library Totals
        38          4          0          3          0          0   (incl. Padding)

    ----------------------------------------------------------------------

      Code (inc. data)   RO Data    RW Data    ZI Data      Debug   Library Name

      5224        514          0         37        100      77998   RTX_CM4.lib
      1624         48          0          0         96       1900   c_w.l
      2636        184          0          0          0       2076   fz_wm.l
       280         28          0          0          0        156   m_wm.l

    ----------------------------------------------------------------------
      9802        778          0         40        196      82130   Library Totals

    ----------------------------------------------------------------------

==============================================================================


      Code (inc. data)   RO Data    RW Data    ZI Data      Debug   

     43578       2032       3966        392      56888     282424   Grand Totals
     43578       2032       3966         76      56888     282424   ELF Image Totals (compressed)
     43578       2032       3966         76          0          0   ROM Totals

==============================================================================

    Total RO  Size (Code + RO Data)                47544 (  46.43kB)
    Total RW  Size (RW Data + ZI Data)             57280 (  55.94kB)
    Total ROM Size (Code + RO Data + RW Data)      47620 (  46.50kB)

==============================================================================

